+ Sat Sep 14 12:21:31 EDT 2024 job angsd_depth_RQC started in mThM.q with jobID=3657943 on compute-64-18
+ NSLOTS = 16
[1] "proportion of sites better than coverage of 5 for each sample:"
                                                                                                                                     cbind.sort.c5..
/scratch/nmnh_corals/connellym/projects/etp_pocillopora_gskim/outputs/alignments/pgra_himb/Floreana_589_S72.sorted.md.rg.bam             0.005574022
/scratch/nmnh_corals/connellym/projects/etp_pocillopora_gskim/outputs/alignments/pgra_himb/Gorgona_27_S6.sorted.md.rg.bam                0.007048169
/scratch/nmnh_corals/connellym/projects/etp_pocillopora_gskim/outputs/alignments/pgra_himb/Gorgona_41_S10.sorted.md.rg.bam               0.007051923
/scratch/nmnh_corals/connellym/projects/etp_pocillopora_gskim/outputs/alignments/pgra_himb/Floreana_590_S73.sorted.md.rg.bam             0.007131211
/scratch/nmnh_corals/connellym/projects/etp_pocillopora_gskim/outputs/alignments/pgra_himb/Gorgona_31_S9.sorted.md.rg.bam                0.008736190
/scratch/nmnh_corals/connellym/projects/etp_pocillopora_gskim/outputs/alignments/pgra_himb/Gorgona_28_S7.sorted.md.rg.bam                0.009755758
/scratch/nmnh_corals/connellym/projects/etp_pocillopora_gskim/outputs/alignments/pgra_himb/Gorgona_23_S3.sorted.md.rg.bam                0.012320961
/scratch/nmnh_corals/connellym/projects/etp_pocillopora_gskim/outputs/alignments/pgra_himb/Gorgona_125_S27.sorted.md.rg.bam              0.013238040
/scratch/nmnh_corals/connellym/projects/etp_pocillopora_gskim/outputs/alignments/pgra_himb/Gorgona_47_S13.sorted.md.rg.bam               0.013739991
/scratch/nmnh_corals/connellym/projects/etp_pocillopora_gskim/outputs/alignments/pgra_himb/Gorgona_24_S4.sorted.md.rg.bam                0.013799880
/scratch/nmnh_corals/connellym/projects/etp_pocillopora_gskim/outputs/alignments/pgra_himb/Floreana_473_S59.sorted.md.rg.bam             0.014082502
/scratch/nmnh_corals/connellym/projects/etp_pocillopora_gskim/outputs/alignments/pgra_himb/Gorgona_30_S8.sorted.md.rg.bam                0.014558715
/scratch/nmnh_corals/connellym/projects/etp_pocillopora_gskim/outputs/alignments/pgra_himb/Gorgona_44_S11.sorted.md.rg.bam               0.014828728
/scratch/nmnh_corals/connellym/projects/etp_pocillopora_gskim/outputs/alignments/pgra_himb/Coco_653c_AP3XF97_S167.sorted.md.rg.bam       0.015631386
/scratch/nmnh_corals/connellym/projects/etp_pocillopora_gskim/outputs/alignments/pgra_himb/Gorgona_131_S33.sorted.md.rg.bam              0.016101857
/scratch/nmnh_corals/connellym/projects/etp_pocillopora_gskim/outputs/alignments/pgra_himb/Gorgona_46_S12.sorted.md.rg.bam               0.019302813
/scratch/nmnh_corals/connellym/projects/etp_pocillopora_gskim/outputs/alignments/pgra_himb/Darwin_617_S66.sorted.md.rg.bam               0.019783150
/scratch/nmnh_corals/connellym/projects/etp_pocillopora_gskim/outputs/alignments/pgra_himb/Darwin_534_S67.sorted.md.rg.bam               0.023620197
/scratch/nmnh_corals/connellym/projects/etp_pocillopora_gskim/outputs/alignments/pgra_himb/Floreana_584_S71.sorted.md.rg.bam             0.023634526
/scratch/nmnh_corals/connellym/projects/etp_pocillopora_gskim/outputs/alignments/pgra_himb/Gorgona_166_S46.sorted.md.rg.bam              0.023871261
/scratch/nmnh_corals/connellym/projects/etp_pocillopora_gskim/outputs/alignments/pgra_himb/Gorgona_78_S54.sorted.md.rg.bam               0.024127840
/scratch/nmnh_corals/connellym/projects/etp_pocillopora_gskim/outputs/alignments/pgra_himb/Gorgona_171_S49.sorted.md.rg.bam              0.026181537
/scratch/nmnh_corals/connellym/projects/etp_pocillopora_gskim/outputs/alignments/pgra_himb/BahiaCulebra_19_S37.sorted.md.rg.bam          0.026534053
/scratch/nmnh_corals/connellym/projects/etp_pocillopora_gskim/outputs/alignments/pgra_himb/Gorgona_22_S2.sorted.md.rg.bam                0.033851761
/scratch/nmnh_corals/connellym/projects/etp_pocillopora_gskim/outputs/alignments/pgra_himb/Secas_304_S58.sorted.md.rg.bam                0.034528882
/scratch/nmnh_corals/connellym/projects/etp_pocillopora_gskim/outputs/alignments/pgra_himb/Coco_653b_AP3XF97_S166.sorted.md.rg.bam       0.034591349
/scratch/nmnh_corals/connellym/projects/etp_pocillopora_gskim/outputs/alignments/pgra_himb/Gorgona_179_S51.sorted.md.rg.bam              0.036940894
/scratch/nmnh_corals/connellym/projects/etp_pocillopora_gskim/outputs/alignments/pgra_himb/Darwin_553_S68.sorted.md.rg.bam               0.037816342
/scratch/nmnh_corals/connellym/projects/etp_pocillopora_gskim/outputs/alignments/pgra_himb/Perlas_358c_AP3XG49_S165.sorted.md.rg.bam     0.038601825
/scratch/nmnh_corals/connellym/projects/etp_pocillopora_gskim/outputs/alignments/pgra_himb/BahiaCulebra_13_S31.sorted.md.rg.bam          0.039154239
/scratch/nmnh_corals/connellym/projects/etp_pocillopora_gskim/outputs/alignments/pgra_himb/Darwin_558_S63.sorted.md.rg.bam               0.044273797
/scratch/nmnh_corals/connellym/projects/etp_pocillopora_gskim/outputs/alignments/pgra_himb/BahiaCulebra_1b_S66.sorted.md.rg.bam          0.045264865
/scratch/nmnh_corals/connellym/projects/etp_pocillopora_gskim/outputs/alignments/pgra_himb/Gorgona_74_S20.sorted.md.rg.bam               0.046401545
/scratch/nmnh_corals/connellym/projects/etp_pocillopora_gskim/outputs/alignments/pgra_himb/Coco_618c_AP3XF84_S169.sorted.md.rg.bam       0.047061263
/scratch/nmnh_corals/connellym/projects/etp_pocillopora_gskim/outputs/alignments/pgra_himb/BahiaCulebra_24_S42.sorted.md.rg.bam          0.051208985
/scratch/nmnh_corals/connellym/projects/etp_pocillopora_gskim/outputs/alignments/pgra_himb/BahiaCulebra_1_S21.sorted.md.rg.bam           0.051759796
/scratch/nmnh_corals/connellym/projects/etp_pocillopora_gskim/outputs/alignments/pgra_himb/BahiaCulebra_20_S38.sorted.md.rg.bam          0.051875950
/scratch/nmnh_corals/connellym/projects/etp_pocillopora_gskim/outputs/alignments/pgra_himb/Coiba_929_AP3XF38_S47.sorted.md.rg.bam        0.054404112
/scratch/nmnh_corals/connellym/projects/etp_pocillopora_gskim/outputs/alignments/pgra_himb/Gorgona_168_S48.sorted.md.rg.bam              0.055706537
/scratch/nmnh_corals/connellym/projects/etp_pocillopora_gskim/outputs/alignments/pgra_himb/Coiba_928_AP3XF50_S159.sorted.md.rg.bam       0.057807219
/scratch/nmnh_corals/connellym/projects/etp_pocillopora_gskim/outputs/alignments/pgra_himb/BahiaCulebra_28_S46.sorted.md.rg.bam          0.059430814
/scratch/nmnh_corals/connellym/projects/etp_pocillopora_gskim/outputs/alignments/pgra_himb/Darwin_549_S76.sorted.md.rg.bam               0.063796254
/scratch/nmnh_corals/connellym/projects/etp_pocillopora_gskim/outputs/alignments/pgra_himb/BahiaCulebra_27_S45.sorted.md.rg.bam          0.063965407
/scratch/nmnh_corals/connellym/projects/etp_pocillopora_gskim/outputs/alignments/pgra_himb/BahiaCulebra_25_S43.sorted.md.rg.bam          0.065615533
/scratch/nmnh_corals/connellym/projects/etp_pocillopora_gskim/outputs/alignments/pgra_himb/Gorgona_173_S50.sorted.md.rg.bam              0.066222850
/scratch/nmnh_corals/connellym/projects/etp_pocillopora_gskim/outputs/alignments/pgra_himb/Gorgona_144_S39.sorted.md.rg.bam              0.066791696
/scratch/nmnh_corals/connellym/projects/etp_pocillopora_gskim/outputs/alignments/pgra_himb/Coco_616_AP3XF82_S96.sorted.md.rg.bam         0.069138547
/scratch/nmnh_corals/connellym/projects/etp_pocillopora_gskim/outputs/alignments/pgra_himb/Perlas_376b_AP3XG67_S162.sorted.md.rg.bam     0.069282295
/scratch/nmnh_corals/connellym/projects/etp_pocillopora_gskim/outputs/alignments/pgra_himb/BahiaCulebra_26_S44.sorted.md.rg.bam          0.075748137
/scratch/nmnh_corals/connellym/projects/etp_pocillopora_gskim/outputs/alignments/pgra_himb/Darwin_563_S61.sorted.md.rg.bam               0.077189362
/scratch/nmnh_corals/connellym/projects/etp_pocillopora_gskim/outputs/alignments/pgra_himb/BahiaCulebra_18_S36.sorted.md.rg.bam          0.077299667
/scratch/nmnh_corals/connellym/projects/etp_pocillopora_gskim/outputs/alignments/pgra_himb/Perlas_370_AP3XG61_S135.sorted.md.rg.bam      0.077317246
/scratch/nmnh_corals/connellym/projects/etp_pocillopora_gskim/outputs/alignments/pgra_himb/Perlas_376c_AP3XG67_S163.sorted.md.rg.bam     0.077696710
/scratch/nmnh_corals/connellym/projects/etp_pocillopora_gskim/outputs/alignments/pgra_himb/Clip_16_S155.sorted.md.rg.bam                 0.078528155
/scratch/nmnh_corals/connellym/projects/etp_pocillopora_gskim/outputs/alignments/pgra_himb/Gorgona_180_S52.sorted.md.rg.bam              0.079599103
/scratch/nmnh_corals/connellym/projects/etp_pocillopora_gskim/outputs/alignments/pgra_himb/Coiba_917_AP3XF64_S67.sorted.md.rg.bam        0.080508116
/scratch/nmnh_corals/connellym/projects/etp_pocillopora_gskim/outputs/alignments/pgra_himb/Coco_661_AP3XG05_S151.sorted.md.rg.bam        0.080811142
/scratch/nmnh_corals/connellym/projects/etp_pocillopora_gskim/outputs/alignments/pgra_himb/Coco_646_AP3XF90_S145.sorted.md.rg.bam        0.081734642
/scratch/nmnh_corals/connellym/projects/etp_pocillopora_gskim/outputs/alignments/pgra_himb/Clip_19b_S170.sorted.md.rg.bam                0.094357270
/scratch/nmnh_corals/connellym/projects/etp_pocillopora_gskim/outputs/alignments/pgra_himb/Coiba_910_AP3XF46_S155.sorted.md.rg.bam       0.098366517
/scratch/nmnh_corals/connellym/projects/etp_pocillopora_gskim/outputs/alignments/pgra_himb/Darwin_584_S82.sorted.md.rg.bam               0.099775289
/scratch/nmnh_corals/connellym/projects/etp_pocillopora_gskim/outputs/alignments/pgra_himb/Coco_618b_AP3XF84_S168.sorted.md.rg.bam       0.100634713
/scratch/nmnh_corals/connellym/projects/etp_pocillopora_gskim/outputs/alignments/pgra_himb/Gorgona_124_S26.sorted.md.rg.bam              0.100729876
/scratch/nmnh_corals/connellym/projects/etp_pocillopora_gskim/outputs/alignments/pgra_himb/Coiba_679_AP3XF55_S56.sorted.md.rg.bam        0.104146578
/scratch/nmnh_corals/connellym/projects/etp_pocillopora_gskim/outputs/alignments/pgra_himb/Perlas_358b_AP3XG49_S164.sorted.md.rg.bam     0.106609666
/scratch/nmnh_corals/connellym/projects/etp_pocillopora_gskim/outputs/alignments/pgra_himb/PAN_05b_S158.sorted.md.rg.bam                 0.106803892
/scratch/nmnh_corals/connellym/projects/etp_pocillopora_gskim/outputs/alignments/pgra_himb/Floreana_581_S70.sorted.md.rg.bam             0.108314288
/scratch/nmnh_corals/connellym/projects/etp_pocillopora_gskim/outputs/alignments/pgra_himb/Coiba_915_AP3XF66_S69.sorted.md.rg.bam        0.108672584
/scratch/nmnh_corals/connellym/projects/etp_pocillopora_gskim/outputs/alignments/pgra_himb/Clip_01_S154.sorted.md.rg.bam                 0.109425607
/scratch/nmnh_corals/connellym/projects/etp_pocillopora_gskim/outputs/alignments/pgra_himb/Coco_615_AP3XF81_S95.sorted.md.rg.bam         0.111170945
/scratch/nmnh_corals/connellym/projects/etp_pocillopora_gskim/outputs/alignments/pgra_himb/Secas_302_S56.sorted.md.rg.bam                0.113047647
/scratch/nmnh_corals/connellym/projects/etp_pocillopora_gskim/outputs/alignments/pgra_himb/Gorgona_134_S35.sorted.md.rg.bam              0.114500341
/scratch/nmnh_corals/connellym/projects/etp_pocillopora_gskim/outputs/alignments/pgra_himb/BahiaCulebra_17_S35.sorted.md.rg.bam          0.114540185
/scratch/nmnh_corals/connellym/projects/etp_pocillopora_gskim/outputs/alignments/pgra_himb/Clip_19c_S171.sorted.md.rg.bam                0.115365809
/scratch/nmnh_corals/connellym/projects/etp_pocillopora_gskim/outputs/alignments/pgra_himb/Darwin_557_S79.sorted.md.rg.bam               0.115596961
/scratch/nmnh_corals/connellym/projects/etp_pocillopora_gskim/outputs/alignments/pgra_himb/Gorgona_146_S41.sorted.md.rg.bam              0.119718886
/scratch/nmnh_corals/connellym/projects/etp_pocillopora_gskim/outputs/alignments/pgra_himb/Coco_621_AP3XF87_S101.sorted.md.rg.bam        0.120931488
/scratch/nmnh_corals/connellym/projects/etp_pocillopora_gskim/outputs/alignments/pgra_himb/BahiaCulebra_29_S47.sorted.md.rg.bam          0.121442318
/scratch/nmnh_corals/connellym/projects/etp_pocillopora_gskim/outputs/alignments/pgra_himb/Gorgona_167_S47.sorted.md.rg.bam              0.121561342
/scratch/nmnh_corals/connellym/projects/etp_pocillopora_gskim/outputs/alignments/pgra_himb/PAN-78b_S160.sorted.md.rg.bam                 0.122224161
/scratch/nmnh_corals/connellym/projects/etp_pocillopora_gskim/outputs/alignments/pgra_himb/Coco_648_AP3XF92_S106.sorted.md.rg.bam        0.123955973
/scratch/nmnh_corals/connellym/projects/etp_pocillopora_gskim/outputs/alignments/pgra_himb/Perlas_368_AP3XG59_S133.sorted.md.rg.bam      0.126709046
/scratch/nmnh_corals/connellym/projects/etp_pocillopora_gskim/outputs/alignments/pgra_himb/Gorgona_147_S42.sorted.md.rg.bam              0.131782752
/scratch/nmnh_corals/connellym/projects/etp_pocillopora_gskim/outputs/alignments/pgra_himb/Coco_650_AP3XF94_S108.sorted.md.rg.bam        0.132754505
/scratch/nmnh_corals/connellym/projects/etp_pocillopora_gskim/outputs/alignments/pgra_himb/BahiaCulebra_21_S39.sorted.md.rg.bam          0.135525239
/scratch/nmnh_corals/connellym/projects/etp_pocillopora_gskim/outputs/alignments/pgra_himb/Secas_303_S57.sorted.md.rg.bam                0.136252081
/scratch/nmnh_corals/connellym/projects/etp_pocillopora_gskim/outputs/alignments/pgra_himb/Coco_654_AP3XF98_S112.sorted.md.rg.bam        0.137200000
/scratch/nmnh_corals/connellym/projects/etp_pocillopora_gskim/outputs/alignments/pgra_himb/Coiba_919_AP3XF76_S82.sorted.md.rg.bam        0.137430654
/scratch/nmnh_corals/connellym/projects/etp_pocillopora_gskim/outputs/alignments/pgra_himb/Darwin_556_S74.sorted.md.rg.bam               0.138747986
/scratch/nmnh_corals/connellym/projects/etp_pocillopora_gskim/outputs/alignments/pgra_himb/Coiba_680_AP3XF41_S136.sorted.md.rg.bam       0.143968116
/scratch/nmnh_corals/connellym/projects/etp_pocillopora_gskim/outputs/alignments/pgra_himb/Coco_619_AP3XF85_S99.sorted.md.rg.bam         0.145072158
/scratch/nmnh_corals/connellym/projects/etp_pocillopora_gskim/outputs/alignments/pgra_himb/Coco_647_AP3XF91_S146.sorted.md.rg.bam        0.151547759
/scratch/nmnh_corals/connellym/projects/etp_pocillopora_gskim/outputs/alignments/pgra_himb/URA-51b_S161.sorted.md.rg.bam                 0.152207011
/scratch/nmnh_corals/connellym/projects/etp_pocillopora_gskim/outputs/alignments/pgra_himb/Coco_612_AP3XF78_S92.sorted.md.rg.bam         0.156789832
/scratch/nmnh_corals/connellym/projects/etp_pocillopora_gskim/outputs/alignments/pgra_himb/Wolf_2E_S116.sorted.md.rg.bam                 0.157055135
/scratch/nmnh_corals/connellym/projects/etp_pocillopora_gskim/outputs/alignments/pgra_himb/Coco_618_AP3XF84_S98.sorted.md.rg.bam         0.157885782
/scratch/nmnh_corals/connellym/projects/etp_pocillopora_gskim/outputs/alignments/pgra_himb/Darwin_594_S75.sorted.md.rg.bam               0.158567320
/scratch/nmnh_corals/connellym/projects/etp_pocillopora_gskim/outputs/alignments/pgra_himb/BahiaCulebra_6_S24.sorted.md.rg.bam           0.159081724
/scratch/nmnh_corals/connellym/projects/etp_pocillopora_gskim/outputs/alignments/pgra_himb/Gorgona_145_S40.sorted.md.rg.bam              0.159244192
/scratch/nmnh_corals/connellym/projects/etp_pocillopora_gskim/outputs/alignments/pgra_himb/Darwin_591_S84.sorted.md.rg.bam               0.163260721
/scratch/nmnh_corals/connellym/projects/etp_pocillopora_gskim/outputs/alignments/pgra_himb/Darwin_564_S80.sorted.md.rg.bam               0.164518487
/scratch/nmnh_corals/connellym/projects/etp_pocillopora_gskim/outputs/alignments/pgra_himb/Secas_299_S55.sorted.md.rg.bam                0.164925789
/scratch/nmnh_corals/connellym/projects/etp_pocillopora_gskim/outputs/alignments/pgra_himb/Darwin_567_S81.sorted.md.rg.bam               0.165008826
/scratch/nmnh_corals/connellym/projects/etp_pocillopora_gskim/outputs/alignments/pgra_himb/PAN_10c_S157.sorted.md.rg.bam                 0.172243204
/scratch/nmnh_corals/connellym/projects/etp_pocillopora_gskim/outputs/alignments/pgra_himb/Perlas_357_AP3XG48_S90.sorted.md.rg.bam       0.174182086
/scratch/nmnh_corals/connellym/projects/etp_pocillopora_gskim/outputs/alignments/pgra_himb/Perlas_350_AP3XG41_S83.sorted.md.rg.bam       0.176078242
/scratch/nmnh_corals/connellym/projects/etp_pocillopora_gskim/outputs/alignments/pgra_himb/Coiba_925_AP3XF61_S163.sorted.md.rg.bam       0.176473053
/scratch/nmnh_corals/connellym/projects/etp_pocillopora_gskim/outputs/alignments/pgra_himb/Perlas_351_AP3XG42_S84.sorted.md.rg.bam       0.176541578
/scratch/nmnh_corals/connellym/projects/etp_pocillopora_gskim/outputs/alignments/pgra_himb/Darwin_551_S78.sorted.md.rg.bam               0.177779351
/scratch/nmnh_corals/connellym/projects/etp_pocillopora_gskim/outputs/alignments/pgra_himb/Coco_645_AP3XF89_S103.sorted.md.rg.bam        0.178355461
/scratch/nmnh_corals/connellym/projects/etp_pocillopora_gskim/outputs/alignments/pgra_himb/BahiaCulebra_7_S25.sorted.md.rg.bam           0.180585056
/scratch/nmnh_corals/connellym/projects/etp_pocillopora_gskim/outputs/alignments/pgra_himb/GolfoDulce_8b_S68.sorted.md.rg.bam            0.181626236
/scratch/nmnh_corals/connellym/projects/etp_pocillopora_gskim/outputs/alignments/pgra_himb/PAN_05c_S159.sorted.md.rg.bam                 0.182807523
/scratch/nmnh_corals/connellym/projects/etp_pocillopora_gskim/outputs/alignments/pgra_himb/Gorgona_130_S32.sorted.md.rg.bam              0.183646715
/scratch/nmnh_corals/connellym/projects/etp_pocillopora_gskim/outputs/alignments/pgra_himb/Coco_655_AP3XF99_S113.sorted.md.rg.bam        0.183784002
/scratch/nmnh_corals/connellym/projects/etp_pocillopora_gskim/outputs/alignments/pgra_himb/Coco_611_AP3XF77_S91.sorted.md.rg.bam         0.184504524
/scratch/nmnh_corals/connellym/projects/etp_pocillopora_gskim/outputs/alignments/pgra_himb/Perlas_343_AP3XG34_S63.sorted.md.rg.bam       0.186031622
/scratch/nmnh_corals/connellym/projects/etp_pocillopora_gskim/outputs/alignments/pgra_himb/Coco_651_AP3XF95_S109.sorted.md.rg.bam        0.187036792
/scratch/nmnh_corals/connellym/projects/etp_pocillopora_gskim/outputs/alignments/pgra_himb/Darwin_550_S77.sorted.md.rg.bam               0.189778671
/scratch/nmnh_corals/connellym/projects/etp_pocillopora_gskim/outputs/alignments/pgra_himb/BahiaCulebra_22_S40.sorted.md.rg.bam          0.191733087
/scratch/nmnh_corals/connellym/projects/etp_pocillopora_gskim/outputs/alignments/pgra_himb/Coco_620_AP3XF86_S100.sorted.md.rg.bam        0.201759161
/scratch/nmnh_corals/connellym/projects/etp_pocillopora_gskim/outputs/alignments/pgra_himb/Coiba_920_AP3XF71_S77.sorted.md.rg.bam        0.204748942
/scratch/nmnh_corals/connellym/projects/etp_pocillopora_gskim/outputs/alignments/pgra_himb/Coco_614_AP3XF80_S94.sorted.md.rg.bam         0.206305396
/scratch/nmnh_corals/connellym/projects/etp_pocillopora_gskim/outputs/alignments/pgra_himb/Coco_644_AP3XF88_S102.sorted.md.rg.bam        0.206967207
/scratch/nmnh_corals/connellym/projects/etp_pocillopora_gskim/outputs/alignments/pgra_himb/Coiba_909_AP3XF42_S134.sorted.md.rg.bam       0.207092069
/scratch/nmnh_corals/connellym/projects/etp_pocillopora_gskim/outputs/alignments/pgra_himb/Perlas_360_AP3XG51_S125.sorted.md.rg.bam      0.207517178
/scratch/nmnh_corals/connellym/projects/etp_pocillopora_gskim/outputs/alignments/pgra_himb/Coco_660_AP3XG04_S150.sorted.md.rg.bam        0.211112493
/scratch/nmnh_corals/connellym/projects/etp_pocillopora_gskim/outputs/alignments/pgra_himb/Coco_653_AP3XF97_S111.sorted.md.rg.bam        0.212978576
/scratch/nmnh_corals/connellym/projects/etp_pocillopora_gskim/outputs/alignments/pgra_himb/Coiba_906_AP3XF65_S68.sorted.md.rg.bam        0.213189852
/scratch/nmnh_corals/connellym/projects/etp_pocillopora_gskim/outputs/alignments/pgra_himb/PAN_44_S183.sorted.md.rg.bam                  0.214534270
/scratch/nmnh_corals/connellym/projects/etp_pocillopora_gskim/outputs/alignments/pgra_himb/Perlas_335_AP3XG26_S60.sorted.md.rg.bam       0.216720009
/scratch/nmnh_corals/connellym/projects/etp_pocillopora_gskim/outputs/alignments/pgra_himb/Perlas_352_AP3XG43_S85.sorted.md.rg.bam       0.222256329
/scratch/nmnh_corals/connellym/projects/etp_pocillopora_gskim/outputs/alignments/pgra_himb/Gorgona_129_S31.sorted.md.rg.bam              0.226687158
/scratch/nmnh_corals/connellym/projects/etp_pocillopora_gskim/outputs/alignments/pgra_himb/Coiba_694_AP3XF73_S79.sorted.md.rg.bam        0.226870192
/scratch/nmnh_corals/connellym/projects/etp_pocillopora_gskim/outputs/alignments/pgra_himb/Coiba_907_AP3XF62_S164.sorted.md.rg.bam       0.228927412
/scratch/nmnh_corals/connellym/projects/etp_pocillopora_gskim/outputs/alignments/pgra_himb/BahiaCulebra_3_S22.sorted.md.rg.bam           0.233453563
/scratch/nmnh_corals/connellym/projects/etp_pocillopora_gskim/outputs/alignments/pgra_himb/BahiaCulebra_8_S26.sorted.md.rg.bam           0.238160432
/scratch/nmnh_corals/connellym/projects/etp_pocillopora_gskim/outputs/alignments/pgra_himb/Coco_652_AP3XF96_S110.sorted.md.rg.bam        0.242487154
/scratch/nmnh_corals/connellym/projects/etp_pocillopora_gskim/outputs/alignments/pgra_himb/Coco_613_AP3XF79_S93.sorted.md.rg.bam         0.245090887
/scratch/nmnh_corals/connellym/projects/etp_pocillopora_gskim/outputs/alignments/pgra_himb/Perlas_355_AP3XG46_S88.sorted.md.rg.bam       0.246485447
/scratch/nmnh_corals/connellym/projects/etp_pocillopora_gskim/outputs/alignments/pgra_himb/PAN_34_S177.sorted.md.rg.bam                  0.247776530
/scratch/nmnh_corals/connellym/projects/etp_pocillopora_gskim/outputs/alignments/pgra_himb/Gorgona_72_S18.sorted.md.rg.bam               0.250739235
/scratch/nmnh_corals/connellym/projects/etp_pocillopora_gskim/outputs/alignments/pgra_himb/PAN_10b_S156.sorted.md.rg.bam                 0.261999930
/scratch/nmnh_corals/connellym/projects/etp_pocillopora_gskim/outputs/alignments/pgra_himb/Wolf2_5E_S124.sorted.md.rg.bam                0.262047852
/scratch/nmnh_corals/connellym/projects/etp_pocillopora_gskim/outputs/alignments/pgra_himb/Gorgona_135_S36.sorted.md.rg.bam              0.270320029
/scratch/nmnh_corals/connellym/projects/etp_pocillopora_gskim/outputs/alignments/pgra_himb/BahiaCulebra_10_S28.sorted.md.rg.bam          0.275448627
/scratch/nmnh_corals/connellym/projects/etp_pocillopora_gskim/outputs/alignments/pgra_himb/Coco_662_AP3XG06_S152.sorted.md.rg.bam        0.277489390
/scratch/nmnh_corals/connellym/projects/etp_pocillopora_gskim/outputs/alignments/pgra_himb/PAN_10_S175.sorted.md.rg.bam                  0.279686760
/scratch/nmnh_corals/connellym/projects/etp_pocillopora_gskim/outputs/alignments/pgra_himb/Coiba_684_AP3XF75_S81.sorted.md.rg.bam        0.280375797
/scratch/nmnh_corals/connellym/projects/etp_pocillopora_gskim/outputs/alignments/pgra_himb/Coco_659_AP3XG03_S149.sorted.md.rg.bam        0.281376797
/scratch/nmnh_corals/connellym/projects/etp_pocillopora_gskim/outputs/alignments/pgra_himb/Coco_664_AP3XG08_S153.sorted.md.rg.bam        0.286116700
/scratch/nmnh_corals/connellym/projects/etp_pocillopora_gskim/outputs/alignments/pgra_himb/Gorgona_70_S16.sorted.md.rg.bam               0.290149933
/scratch/nmnh_corals/connellym/projects/etp_pocillopora_gskim/outputs/alignments/pgra_himb/Coiba_692_AP3XF70_S76.sorted.md.rg.bam        0.292224233
/scratch/nmnh_corals/connellym/projects/etp_pocillopora_gskim/outputs/alignments/pgra_himb/Wolf_4E_S118.sorted.md.rg.bam                 0.292574311
/scratch/nmnh_corals/connellym/projects/etp_pocillopora_gskim/outputs/alignments/pgra_himb/Perlas_354_AP3XG45_S87.sorted.md.rg.bam       0.296005541
/scratch/nmnh_corals/connellym/projects/etp_pocillopora_gskim/outputs/alignments/pgra_himb/Wolf2_1E_S120.sorted.md.rg.bam                0.298239442
/scratch/nmnh_corals/connellym/projects/etp_pocillopora_gskim/outputs/alignments/pgra_himb/Coco_657_AP3XG01_S147.sorted.md.rg.bam        0.299204346
/scratch/nmnh_corals/connellym/projects/etp_pocillopora_gskim/outputs/alignments/pgra_himb/Coco_649_AP3XF93_S107.sorted.md.rg.bam        0.301918999
/scratch/nmnh_corals/connellym/projects/etp_pocillopora_gskim/outputs/alignments/pgra_himb/Perlas_353_AP3XG44_S86.sorted.md.rg.bam       0.303406895
/scratch/nmnh_corals/connellym/projects/etp_pocillopora_gskim/outputs/alignments/pgra_himb/Perlas_356_AP3XG47_S89.sorted.md.rg.bam       0.304767483
/scratch/nmnh_corals/connellym/projects/etp_pocillopora_gskim/outputs/alignments/pgra_himb/Gorgona_132_S34.sorted.md.rg.bam              0.305288739
/scratch/nmnh_corals/connellym/projects/etp_pocillopora_gskim/outputs/alignments/pgra_himb/Coiba_677_AP3XF57_S135.sorted.md.rg.bam       0.307829071
/scratch/nmnh_corals/connellym/projects/etp_pocillopora_gskim/outputs/alignments/pgra_himb/Wolf2_2E_S121.sorted.md.rg.bam                0.310637054
/scratch/nmnh_corals/connellym/projects/etp_pocillopora_gskim/outputs/alignments/pgra_himb/GolfoDulce_2b_S67.sorted.md.rg.bam            0.316777503
/scratch/nmnh_corals/connellym/projects/etp_pocillopora_gskim/outputs/alignments/pgra_himb/Coiba_696_AP3XF67_S70.sorted.md.rg.bam        0.317224811
/scratch/nmnh_corals/connellym/projects/etp_pocillopora_gskim/outputs/alignments/pgra_himb/Coco_617_AP3XF83_S97.sorted.md.rg.bam         0.323463637
/scratch/nmnh_corals/connellym/projects/etp_pocillopora_gskim/outputs/alignments/pgra_himb/Gorgona_75_S21.sorted.md.rg.bam               0.323643367
/scratch/nmnh_corals/connellym/projects/etp_pocillopora_gskim/outputs/alignments/pgra_himb/BahiaCulebra_5_S23.sorted.md.rg.bam           0.329778564
/scratch/nmnh_corals/connellym/projects/etp_pocillopora_gskim/outputs/alignments/pgra_himb/Coco_656_AP3XG00_S114.sorted.md.rg.bam        0.335116185
/scratch/nmnh_corals/connellym/projects/etp_pocillopora_gskim/outputs/alignments/pgra_himb/PAN_35_S178.sorted.md.rg.bam                  0.338706633
/scratch/nmnh_corals/connellym/projects/etp_pocillopora_gskim/outputs/alignments/pgra_himb/Floreana_3E_S97.sorted.md.rg.bam              0.340033921
/scratch/nmnh_corals/connellym/projects/etp_pocillopora_gskim/outputs/alignments/pgra_himb/Perlas_344_AP3XG35_S73.sorted.md.rg.bam       0.340882081
/scratch/nmnh_corals/connellym/projects/etp_pocillopora_gskim/outputs/alignments/pgra_himb/Coco_667_AP3XG11_S172.sorted.md.rg.bam        0.343419281
/scratch/nmnh_corals/connellym/projects/etp_pocillopora_gskim/outputs/alignments/pgra_himb/Coiba_918_AP3XF74_S80.sorted.md.rg.bam        0.343888872
/scratch/nmnh_corals/connellym/projects/etp_pocillopora_gskim/outputs/alignments/pgra_himb/Wolf_5E_S119.sorted.md.rg.bam                 0.345179618
/scratch/nmnh_corals/connellym/projects/etp_pocillopora_gskim/outputs/alignments/pgra_himb/Gorgona_149_S43.sorted.md.rg.bam              0.345560821
/scratch/nmnh_corals/connellym/projects/etp_pocillopora_gskim/outputs/alignments/pgra_himb/Perlas_372_AP3XG63_S137.sorted.md.rg.bam      0.348415774
/scratch/nmnh_corals/connellym/projects/etp_pocillopora_gskim/outputs/alignments/pgra_himb/GolfoDulce_18_S53.sorted.md.rg.bam            0.353773167
/scratch/nmnh_corals/connellym/projects/etp_pocillopora_gskim/outputs/alignments/pgra_himb/PAN_32_S176.sorted.md.rg.bam                  0.358174348
/scratch/nmnh_corals/connellym/projects/etp_pocillopora_gskim/outputs/alignments/pgra_himb/Coiba_686_AP3XF47_S156.sorted.md.rg.bam       0.362432132
/scratch/nmnh_corals/connellym/projects/etp_pocillopora_gskim/outputs/alignments/pgra_himb/Perlas_334_AP3XG25_S125.sorted.md.rg.bam      0.366180560
/scratch/nmnh_corals/connellym/projects/etp_pocillopora_gskim/outputs/alignments/pgra_himb/PAN_43_S182.sorted.md.rg.bam                  0.369917019
/scratch/nmnh_corals/connellym/projects/etp_pocillopora_gskim/outputs/alignments/pgra_himb/Gorgona_127_S29.sorted.md.rg.bam              0.373841214
/scratch/nmnh_corals/connellym/projects/etp_pocillopora_gskim/outputs/alignments/pgra_himb/Gorgona_123_S25.sorted.md.rg.bam              0.375194125
/scratch/nmnh_corals/connellym/projects/etp_pocillopora_gskim/outputs/alignments/pgra_himb/Perlas_346_AP3XG37_S74.sorted.md.rg.bam       0.377011409
/scratch/nmnh_corals/connellym/projects/etp_pocillopora_gskim/outputs/alignments/pgra_himb/Coiba_908_AP3XF72_S78.sorted.md.rg.bam        0.384355049
/scratch/nmnh_corals/connellym/projects/etp_pocillopora_gskim/outputs/alignments/pgra_himb/Perlas_363_AP3XG54_S128.sorted.md.rg.bam      0.385901161
/scratch/nmnh_corals/connellym/projects/etp_pocillopora_gskim/outputs/alignments/pgra_himb/Coiba_930_AP3XF44_S72.sorted.md.rg.bam        0.391229539
/scratch/nmnh_corals/connellym/projects/etp_pocillopora_gskim/outputs/alignments/pgra_himb/BahiaCulebra_12_S30.sorted.md.rg.bam          0.391340786
/scratch/nmnh_corals/connellym/projects/etp_pocillopora_gskim/outputs/alignments/pgra_himb/Perlas_404_AP3XG71_S145.sorted.md.rg.bam      0.394354556
/scratch/nmnh_corals/connellym/projects/etp_pocillopora_gskim/outputs/alignments/pgra_himb/Gorgona_128_S30.sorted.md.rg.bam              0.395438198
/scratch/nmnh_corals/connellym/projects/etp_pocillopora_gskim/outputs/alignments/pgra_himb/SanCristobal_2A_S111.sorted.md.rg.bam         0.396861135
/scratch/nmnh_corals/connellym/projects/etp_pocillopora_gskim/outputs/alignments/pgra_himb/Coiba_691_AP3XF49_S158.sorted.md.rg.bam       0.396990696
/scratch/nmnh_corals/connellym/projects/etp_pocillopora_gskim/outputs/alignments/pgra_himb/Perlas_361_AP3XG52_S126.sorted.md.rg.bam      0.397535094
/scratch/nmnh_corals/connellym/projects/etp_pocillopora_gskim/outputs/alignments/pgra_himb/URA_12_S187.sorted.md.rg.bam                  0.398784945
/scratch/nmnh_corals/connellym/projects/etp_pocillopora_gskim/outputs/alignments/pgra_himb/BahiaCulebra_15_S33.sorted.md.rg.bam          0.408937277
/scratch/nmnh_corals/connellym/projects/etp_pocillopora_gskim/outputs/alignments/pgra_himb/BahiaCulebra_9_S27.sorted.md.rg.bam           0.416059280
/scratch/nmnh_corals/connellym/projects/etp_pocillopora_gskim/outputs/alignments/pgra_himb/Gorgona_26_S5.sorted.md.rg.bam                0.416736696
/scratch/nmnh_corals/connellym/projects/etp_pocillopora_gskim/outputs/alignments/pgra_himb/SanCristobal_4A_S113.sorted.md.rg.bam         0.421913758
/scratch/nmnh_corals/connellym/projects/etp_pocillopora_gskim/outputs/alignments/pgra_himb/Coiba_685_AP3XF43_S71.sorted.md.rg.bam        0.423146469
/scratch/nmnh_corals/connellym/projects/etp_pocillopora_gskim/outputs/alignments/pgra_himb/PAN_39_S180.sorted.md.rg.bam                  0.425113725
/scratch/nmnh_corals/connellym/projects/etp_pocillopora_gskim/outputs/alignments/pgra_himb/Coiba_900_AP3XF69_S75.sorted.md.rg.bam        0.426219688
/scratch/nmnh_corals/connellym/projects/etp_pocillopora_gskim/outputs/alignments/pgra_himb/Gorgona_76_S22.sorted.md.rg.bam               0.426993097
/scratch/nmnh_corals/connellym/projects/etp_pocillopora_gskim/outputs/alignments/pgra_himb/Gorgona_142_S37.sorted.md.rg.bam              0.429746570
/scratch/nmnh_corals/connellym/projects/etp_pocillopora_gskim/outputs/alignments/pgra_himb/SanCristobal_1A_S110.sorted.md.rg.bam         0.429857247
/scratch/nmnh_corals/connellym/projects/etp_pocillopora_gskim/outputs/alignments/pgra_himb/SantaCruz_5A_S109.sorted.md.rg.bam            0.431249937
/scratch/nmnh_corals/connellym/projects/etp_pocillopora_gskim/outputs/alignments/pgra_himb/Wolf2_4E_S123.sorted.md.rg.bam                0.434329830
/scratch/nmnh_corals/connellym/projects/etp_pocillopora_gskim/outputs/alignments/pgra_himb/BahiaCulebra_16_S34.sorted.md.rg.bam          0.437728414
/scratch/nmnh_corals/connellym/projects/etp_pocillopora_gskim/outputs/alignments/pgra_himb/Perlas_336_AP3XG27_S126.sorted.md.rg.bam      0.439501073
/scratch/nmnh_corals/connellym/projects/etp_pocillopora_gskim/outputs/alignments/pgra_himb/Coiba_904_AP3XF68_S142.sorted.md.rg.bam       0.442140565
/scratch/nmnh_corals/connellym/projects/etp_pocillopora_gskim/outputs/alignments/pgra_himb/Perlas_359_AP3XG50_S124.sorted.md.rg.bam      0.444257628
/scratch/nmnh_corals/connellym/projects/etp_pocillopora_gskim/outputs/alignments/pgra_himb/Perlas_405_AP3XG72_S146.sorted.md.rg.bam      0.445139704
/scratch/nmnh_corals/connellym/projects/etp_pocillopora_gskim/outputs/alignments/pgra_himb/Isabela_3E_S102.sorted.md.rg.bam              0.446895647
/scratch/nmnh_corals/connellym/projects/etp_pocillopora_gskim/outputs/alignments/pgra_himb/GolfoDulce_31_S61.sorted.md.rg.bam            0.451037491
/scratch/nmnh_corals/connellym/projects/etp_pocillopora_gskim/outputs/alignments/pgra_himb/Coiba_698_AP3XF39_S133.sorted.md.rg.bam       0.452685690
/scratch/nmnh_corals/connellym/projects/etp_pocillopora_gskim/outputs/alignments/pgra_himb/Perlas_402_AP3XG69_S143.sorted.md.rg.bam      0.452877169
/scratch/nmnh_corals/connellym/projects/etp_pocillopora_gskim/outputs/alignments/pgra_himb/PAN_41_S181.sorted.md.rg.bam                  0.453145926
/scratch/nmnh_corals/connellym/projects/etp_pocillopora_gskim/outputs/alignments/pgra_himb/Coiba_914_AP3XF63_S165.sorted.md.rg.bam       0.456145611
/scratch/nmnh_corals/connellym/projects/etp_pocillopora_gskim/outputs/alignments/pgra_himb/SanCristobal_3A_S112.sorted.md.rg.bam         0.464747780
/scratch/nmnh_corals/connellym/projects/etp_pocillopora_gskim/outputs/alignments/pgra_himb/Coiba_926_AP3XF52_S143.sorted.md.rg.bam       0.468270213
/scratch/nmnh_corals/connellym/projects/etp_pocillopora_gskim/outputs/alignments/pgra_himb/GolfoDulce_33_S63.sorted.md.rg.bam            0.469515346
/scratch/nmnh_corals/connellym/projects/etp_pocillopora_gskim/outputs/alignments/pgra_himb/Gorgona_143_S38.sorted.md.rg.bam              0.471492928
/scratch/nmnh_corals/connellym/projects/etp_pocillopora_gskim/outputs/alignments/pgra_himb/Perlas_412_AP3XG79_S153.sorted.md.rg.bam      0.473123056
/scratch/nmnh_corals/connellym/projects/etp_pocillopora_gskim/outputs/alignments/pgra_himb/GolfoDulce_37_S64.sorted.md.rg.bam            0.476814143
/scratch/nmnh_corals/connellym/projects/etp_pocillopora_gskim/outputs/alignments/pgra_himb/BahiaCulebra_11_S29.sorted.md.rg.bam          0.481302126
/scratch/nmnh_corals/connellym/projects/etp_pocillopora_gskim/outputs/alignments/pgra_himb/BahiaCulebra_30_S48.sorted.md.rg.bam          0.483466757
/scratch/nmnh_corals/connellym/projects/etp_pocillopora_gskim/outputs/alignments/pgra_himb/Perlas_362_AP3XG53_S127.sorted.md.rg.bam      0.488895059
/scratch/nmnh_corals/connellym/projects/etp_pocillopora_gskim/outputs/alignments/pgra_himb/Coiba_927_AP3XF48_S157.sorted.md.rg.bam       0.494951429
/scratch/nmnh_corals/connellym/projects/etp_pocillopora_gskim/outputs/alignments/pgra_himb/Perlas_401_AP3XG68_S142.sorted.md.rg.bam      0.499143046
/scratch/nmnh_corals/connellym/projects/etp_pocillopora_gskim/outputs/alignments/pgra_himb/PAN_37_S179.sorted.md.rg.bam                  0.499933951
/scratch/nmnh_corals/connellym/projects/etp_pocillopora_gskim/outputs/alignments/pgra_himb/Floreana_4E_S98.sorted.md.rg.bam              0.501680703
/scratch/nmnh_corals/connellym/projects/etp_pocillopora_gskim/outputs/alignments/pgra_himb/Coiba_901_AP3XF53_S140.sorted.md.rg.bam       0.505098877
/scratch/nmnh_corals/connellym/projects/etp_pocillopora_gskim/outputs/alignments/pgra_himb/GolfoDulce_10_S51.sorted.md.rg.bam            0.508366323
/scratch/nmnh_corals/connellym/projects/etp_pocillopora_gskim/outputs/alignments/pgra_himb/Gorgona_69_S15.sorted.md.rg.bam               0.508689918
/scratch/nmnh_corals/connellym/projects/etp_pocillopora_gskim/outputs/alignments/pgra_himb/Perlas_341_AP3XG32_S169.sorted.md.rg.bam      0.509390573
/scratch/nmnh_corals/connellym/projects/etp_pocillopora_gskim/outputs/alignments/pgra_himb/Perlas_333_AP3XG24_S58.sorted.md.rg.bam       0.511892029
/scratch/nmnh_corals/connellym/projects/etp_pocillopora_gskim/outputs/alignments/pgra_himb/Wolf2_3E_S122.sorted.md.rg.bam                0.522641379
/scratch/nmnh_corals/connellym/projects/etp_pocillopora_gskim/outputs/alignments/pgra_himb/PAN_79_S185.sorted.md.rg.bam                  0.523315724
/scratch/nmnh_corals/connellym/projects/etp_pocillopora_gskim/outputs/alignments/pgra_himb/Perlas_337_AP3XG28_S166.sorted.md.rg.bam      0.523325627
/scratch/nmnh_corals/connellym/projects/etp_pocillopora_gskim/outputs/alignments/pgra_himb/Darwin_576_S65.sorted.md.rg.bam               0.523940150
/scratch/nmnh_corals/connellym/projects/etp_pocillopora_gskim/outputs/alignments/pgra_himb/Perlas_369_AP3XG60_S134.sorted.md.rg.bam      0.526240644
/scratch/nmnh_corals/connellym/projects/etp_pocillopora_gskim/outputs/alignments/pgra_himb/Perlas_373_AP3XG64_S138.sorted.md.rg.bam      0.526877723
/scratch/nmnh_corals/connellym/projects/etp_pocillopora_gskim/outputs/alignments/pgra_himb/Gorgona_126_S28.sorted.md.rg.bam              0.528093180
/scratch/nmnh_corals/connellym/projects/etp_pocillopora_gskim/outputs/alignments/pgra_himb/Perlas_403_AP3XG70_S144.sorted.md.rg.bam      0.529906140
/scratch/nmnh_corals/connellym/projects/etp_pocillopora_gskim/outputs/alignments/pgra_himb/Coco_668_AP3XG12_S173.sorted.md.rg.bam        0.531291725
/scratch/nmnh_corals/connellym/projects/etp_pocillopora_gskim/outputs/alignments/pgra_himb/Gorgona_121_S24.sorted.md.rg.bam              0.531533311
/scratch/nmnh_corals/connellym/projects/etp_pocillopora_gskim/outputs/alignments/pgra_himb/Coiba_902_AP3XF54_S141.sorted.md.rg.bam       0.532117882
/scratch/nmnh_corals/connellym/projects/etp_pocillopora_gskim/outputs/alignments/pgra_himb/Gorgona_71_S17.sorted.md.rg.bam               0.535838620
/scratch/nmnh_corals/connellym/projects/etp_pocillopora_gskim/outputs/alignments/pgra_himb/GolfoDulce_23_S57.sorted.md.rg.bam            0.536150329
/scratch/nmnh_corals/connellym/projects/etp_pocillopora_gskim/outputs/alignments/pgra_himb/Perlas_345_AP3XG36_S130.sorted.md.rg.bam      0.537310915
/scratch/nmnh_corals/connellym/projects/etp_pocillopora_gskim/outputs/alignments/pgra_himb/Darwin_548_S62.sorted.md.rg.bam               0.541103557
/scratch/nmnh_corals/connellym/projects/etp_pocillopora_gskim/outputs/alignments/pgra_himb/GolfoDulce_8_S50.sorted.md.rg.bam             0.543703559
/scratch/nmnh_corals/connellym/projects/etp_pocillopora_gskim/outputs/alignments/pgra_himb/Perlas_358_AP3XG49_S123.sorted.md.rg.bam      0.546510913
/scratch/nmnh_corals/connellym/projects/etp_pocillopora_gskim/outputs/alignments/pgra_himb/Wolf_1E_S115.sorted.md.rg.bam                 0.550992835
/scratch/nmnh_corals/connellym/projects/etp_pocillopora_gskim/outputs/alignments/pgra_himb/Coiba_688_AP3XF58_S160.sorted.md.rg.bam       0.553315754
/scratch/nmnh_corals/connellym/projects/etp_pocillopora_gskim/outputs/alignments/pgra_himb/Isabela_7A_S104.sorted.md.rg.bam              0.556820036
/scratch/nmnh_corals/connellym/projects/etp_pocillopora_gskim/outputs/alignments/pgra_himb/GolfoDulce_25_S58.sorted.md.rg.bam            0.560006452
/scratch/nmnh_corals/connellym/projects/etp_pocillopora_gskim/outputs/alignments/pgra_himb/GolfoDulce_47_S65.sorted.md.rg.bam            0.562178154
/scratch/nmnh_corals/connellym/projects/etp_pocillopora_gskim/outputs/alignments/pgra_himb/Coiba_683_AP3XF56_S138.sorted.md.rg.bam       0.565378867
/scratch/nmnh_corals/connellym/projects/etp_pocillopora_gskim/outputs/alignments/pgra_himb/Darwin_563b_S64.sorted.md.rg.bam              0.572452107
/scratch/nmnh_corals/connellym/projects/etp_pocillopora_gskim/outputs/alignments/pgra_himb/Perlas_339_AP3XG30_S167.sorted.md.rg.bam      0.573418082
/scratch/nmnh_corals/connellym/projects/etp_pocillopora_gskim/outputs/alignments/pgra_himb/Perlas_407_AP3XG74_S148.sorted.md.rg.bam      0.576345684
/scratch/nmnh_corals/connellym/projects/etp_pocillopora_gskim/outputs/alignments/pgra_himb/Perlas_371_AP3XG62_S136.sorted.md.rg.bam      0.580784405
/scratch/nmnh_corals/connellym/projects/etp_pocillopora_gskim/outputs/alignments/pgra_himb/Perlas_367_AP3XG58_S132.sorted.md.rg.bam      0.581581648
/scratch/nmnh_corals/connellym/projects/etp_pocillopora_gskim/outputs/alignments/pgra_himb/Gorgona_49_S14.sorted.md.rg.bam               0.581956258
/scratch/nmnh_corals/connellym/projects/etp_pocillopora_gskim/outputs/alignments/pgra_himb/SantaCruz_3A_S107.sorted.md.rg.bam            0.583517528
/scratch/nmnh_corals/connellym/projects/etp_pocillopora_gskim/outputs/alignments/pgra_himb/Wolf_3E_S117.sorted.md.rg.bam                 0.585095589
/scratch/nmnh_corals/connellym/projects/etp_pocillopora_gskim/outputs/alignments/pgra_himb/Perlas_342_AP3XG33_S129.sorted.md.rg.bam      0.586215279
/scratch/nmnh_corals/connellym/projects/etp_pocillopora_gskim/outputs/alignments/pgra_himb/Isabela_4E_S103.sorted.md.rg.bam              0.586307108
/scratch/nmnh_corals/connellym/projects/etp_pocillopora_gskim/outputs/alignments/pgra_himb/Floreana_1E_S95.sorted.md.rg.bam              0.594579131
/scratch/nmnh_corals/connellym/projects/etp_pocillopora_gskim/outputs/alignments/pgra_himb/Perlas_340_AP3XG31_S168.sorted.md.rg.bam      0.594698714
/scratch/nmnh_corals/connellym/projects/etp_pocillopora_gskim/outputs/alignments/pgra_himb/GolfoDulce_30_S60.sorted.md.rg.bam            0.594814154
/scratch/nmnh_corals/connellym/projects/etp_pocillopora_gskim/outputs/alignments/pgra_himb/Coco_658_AP3XG02_S148.sorted.md.rg.bam        0.597950158
/scratch/nmnh_corals/connellym/projects/etp_pocillopora_gskim/outputs/alignments/pgra_himb/GolfoDulce_20_S54.sorted.md.rg.bam            0.598446160
/scratch/nmnh_corals/connellym/projects/etp_pocillopora_gskim/outputs/alignments/pgra_himb/Perlas_348_AP3XG39_S131.sorted.md.rg.bam      0.598998026
/scratch/nmnh_corals/connellym/projects/etp_pocillopora_gskim/outputs/alignments/pgra_himb/Coiba_697_AP3XF37_S139.sorted.md.rg.bam       0.600582270
/scratch/nmnh_corals/connellym/projects/etp_pocillopora_gskim/outputs/alignments/pgra_himb/GolfoDulce_32_S62.sorted.md.rg.bam            0.609754266
/scratch/nmnh_corals/connellym/projects/etp_pocillopora_gskim/outputs/alignments/pgra_himb/GolfoDulce_22_S56.sorted.md.rg.bam            0.610613024
/scratch/nmnh_corals/connellym/projects/etp_pocillopora_gskim/outputs/alignments/pgra_himb/Darwin_539_S60.sorted.md.rg.bam               0.611931616
/scratch/nmnh_corals/connellym/projects/etp_pocillopora_gskim/outputs/alignments/pgra_himb/SantaCruz_2A_S106.sorted.md.rg.bam            0.612708400
/scratch/nmnh_corals/connellym/projects/etp_pocillopora_gskim/outputs/alignments/pgra_himb/Perlas_364_AP3XG55_S129.sorted.md.rg.bam      0.612915102
/scratch/nmnh_corals/connellym/projects/etp_pocillopora_gskim/outputs/alignments/pgra_himb/SanCristobal_5A_S114.sorted.md.rg.bam         0.615175221
/scratch/nmnh_corals/connellym/projects/etp_pocillopora_gskim/outputs/alignments/pgra_himb/BahiaCulebra_23_S41.sorted.md.rg.bam          0.616617703
/scratch/nmnh_corals/connellym/projects/etp_pocillopora_gskim/outputs/alignments/pgra_himb/Perlas_375_AP3XG66_S140.sorted.md.rg.bam      0.617310855
/scratch/nmnh_corals/connellym/projects/etp_pocillopora_gskim/outputs/alignments/pgra_himb/Coiba_931_AP3XF40_S144.sorted.md.rg.bam       0.617462913
/scratch/nmnh_corals/connellym/projects/etp_pocillopora_gskim/outputs/alignments/pgra_himb/Isabela_1E_S100.sorted.md.rg.bam              0.618050845
/scratch/nmnh_corals/connellym/projects/etp_pocillopora_gskim/outputs/alignments/pgra_himb/Coco_665_AP3XG09_S170.sorted.md.rg.bam        0.618521149
/scratch/nmnh_corals/connellym/projects/etp_pocillopora_gskim/outputs/alignments/pgra_himb/Perlas_337b_AP3XG28_S127.sorted.md.rg.bam     0.621517348
/scratch/nmnh_corals/connellym/projects/etp_pocillopora_gskim/outputs/alignments/pgra_himb/Coiba_693_AP3XF45_S154.sorted.md.rg.bam       0.621830888
/scratch/nmnh_corals/connellym/projects/etp_pocillopora_gskim/outputs/alignments/pgra_himb/Perlas_376_AP3XG67_S141.sorted.md.rg.bam      0.622112682
/scratch/nmnh_corals/connellym/projects/etp_pocillopora_gskim/outputs/alignments/pgra_himb/GolfoDulce_2_S49.sorted.md.rg.bam             0.623354416
/scratch/nmnh_corals/connellym/projects/etp_pocillopora_gskim/outputs/alignments/pgra_himb/GolfoDulce_12_S52.sorted.md.rg.bam            0.623735183
/scratch/nmnh_corals/connellym/projects/etp_pocillopora_gskim/outputs/alignments/pgra_himb/Floreana_5E_S99.sorted.md.rg.bam              0.625574970
/scratch/nmnh_corals/connellym/projects/etp_pocillopora_gskim/outputs/alignments/pgra_himb/PAN_78_S184.sorted.md.rg.bam                  0.627628623
/scratch/nmnh_corals/connellym/projects/etp_pocillopora_gskim/outputs/alignments/pgra_himb/Gorgona_73_S19.sorted.md.rg.bam               0.629400707
/scratch/nmnh_corals/connellym/projects/etp_pocillopora_gskim/outputs/alignments/pgra_himb/Coiba_682_AP3XF51_S137.sorted.md.rg.bam       0.637649677
/scratch/nmnh_corals/connellym/projects/etp_pocillopora_gskim/outputs/alignments/pgra_himb/Perlas_408_AP3XG75_S149.sorted.md.rg.bam      0.639222806
/scratch/nmnh_corals/connellym/projects/etp_pocillopora_gskim/outputs/alignments/pgra_himb/Coiba_903_AP3XF59_S161.sorted.md.rg.bam       0.647937370
/scratch/nmnh_corals/connellym/projects/etp_pocillopora_gskim/outputs/alignments/pgra_himb/SantaCruz_4A_S108.sorted.md.rg.bam            0.651694885
/scratch/nmnh_corals/connellym/projects/etp_pocillopora_gskim/outputs/alignments/pgra_himb/Perlas_365_AP3XG56_S130.sorted.md.rg.bam      0.656873885
/scratch/nmnh_corals/connellym/projects/etp_pocillopora_gskim/outputs/alignments/pgra_himb/URA_16_S188.sorted.md.rg.bam                  0.671277928
/scratch/nmnh_corals/connellym/projects/etp_pocillopora_gskim/outputs/alignments/pgra_himb/Perlas_338_AP3XG29_S128.sorted.md.rg.bam      0.672411147
/scratch/nmnh_corals/connellym/projects/etp_pocillopora_gskim/outputs/alignments/pgra_himb/GolfoDulce_26_S59.sorted.md.rg.bam            0.675727629
/scratch/nmnh_corals/connellym/projects/etp_pocillopora_gskim/outputs/alignments/pgra_himb/URA_51_S189.sorted.md.rg.bam                  0.679518255
/scratch/nmnh_corals/connellym/projects/etp_pocillopora_gskim/outputs/alignments/pgra_himb/Isabela_2E_S101.sorted.md.rg.bam              0.680595401
/scratch/nmnh_corals/connellym/projects/etp_pocillopora_gskim/outputs/alignments/pgra_himb/Perlas_406_AP3XG73_S147.sorted.md.rg.bam      0.682947142
/scratch/nmnh_corals/connellym/projects/etp_pocillopora_gskim/outputs/alignments/pgra_himb/Gorgona_77_S23.sorted.md.rg.bam               0.684173561
/scratch/nmnh_corals/connellym/projects/etp_pocillopora_gskim/outputs/alignments/pgra_himb/Perlas_349_AP3XG40_S132.sorted.md.rg.bam      0.685316394
/scratch/nmnh_corals/connellym/projects/etp_pocillopora_gskim/outputs/alignments/pgra_himb/GolfoDulce_21_S55.sorted.md.rg.bam            0.687536255
/scratch/nmnh_corals/connellym/projects/etp_pocillopora_gskim/outputs/alignments/pgra_himb/Coco_666_AP3XG10_S171.sorted.md.rg.bam        0.690365864
/scratch/nmnh_corals/connellym/projects/etp_pocillopora_gskim/outputs/alignments/pgra_himb/Darwin_1A_S85.sorted.md.rg.bam                0.702187085
/scratch/nmnh_corals/connellym/projects/etp_pocillopora_gskim/outputs/alignments/pgra_himb/Coiba_922_AP3XF60_S162.sorted.md.rg.bam       0.705900346
/scratch/nmnh_corals/connellym/projects/etp_pocillopora_gskim/outputs/alignments/pgra_himb/Espanola_2A_S91.sorted.md.rg.bam              0.712405679
/scratch/nmnh_corals/connellym/projects/etp_pocillopora_gskim/outputs/alignments/pgra_himb/Floreana_2E_S96.sorted.md.rg.bam              0.713757616
/scratch/nmnh_corals/connellym/projects/etp_pocillopora_gskim/outputs/alignments/pgra_himb/Darwin_5A_S89.sorted.md.rg.bam                0.727551289
/scratch/nmnh_corals/connellym/projects/etp_pocillopora_gskim/outputs/alignments/pgra_himb/Espanola_3A_S92.sorted.md.rg.bam              0.738916523
/scratch/nmnh_corals/connellym/projects/etp_pocillopora_gskim/outputs/alignments/pgra_himb/PAN_83_S186.sorted.md.rg.bam                  0.739277447
/scratch/nmnh_corals/connellym/projects/etp_pocillopora_gskim/outputs/alignments/pgra_himb/Darwin_4A_S88.sorted.md.rg.bam                0.740186508
/scratch/nmnh_corals/connellym/projects/etp_pocillopora_gskim/outputs/alignments/pgra_himb/BahiaCulebra_14_S32.sorted.md.rg.bam          0.743879446
/scratch/nmnh_corals/connellym/projects/etp_pocillopora_gskim/outputs/alignments/pgra_himb/Perlas_366_AP3XG57_S131.sorted.md.rg.bam      0.745941323
/scratch/nmnh_corals/connellym/projects/etp_pocillopora_gskim/outputs/alignments/pgra_himb/PAN_05_S174.sorted.md.rg.bam                  0.748814994
/scratch/nmnh_corals/connellym/projects/etp_pocillopora_gskim/outputs/alignments/pgra_himb/Darwin_2A_S86.sorted.md.rg.bam                0.749354550
/scratch/nmnh_corals/connellym/projects/etp_pocillopora_gskim/outputs/alignments/pgra_himb/Perlas_409_AP3XG76_S150.sorted.md.rg.bam      0.750020616
/scratch/nmnh_corals/connellym/projects/etp_pocillopora_gskim/outputs/alignments/pgra_himb/Perlas_410_AP3XG77_S151.sorted.md.rg.bam      0.751899962
/scratch/nmnh_corals/connellym/projects/etp_pocillopora_gskim/outputs/alignments/pgra_himb/Perlas_374_AP3XG65_S139.sorted.md.rg.bam      0.763505998
/scratch/nmnh_corals/connellym/projects/etp_pocillopora_gskim/outputs/alignments/pgra_himb/Perlas_411_AP3XG78_S152.sorted.md.rg.bam      0.765992932
/scratch/nmnh_corals/connellym/projects/etp_pocillopora_gskim/outputs/alignments/pgra_himb/Darwin_3A_S87.sorted.md.rg.bam                0.766963639
/scratch/nmnh_corals/connellym/projects/etp_pocillopora_gskim/outputs/alignments/pgra_himb/Clip_21_S203.sorted.md.rg.bam                 0.774775098
/scratch/nmnh_corals/connellym/projects/etp_pocillopora_gskim/outputs/alignments/pgra_himb/SantaCruz_1A_S105.sorted.md.rg.bam            0.809264977
/scratch/nmnh_corals/connellym/projects/etp_pocillopora_gskim/outputs/alignments/pgra_himb/Espanola_4A_S93.sorted.md.rg.bam              0.821331521
/scratch/nmnh_corals/connellym/projects/etp_pocillopora_gskim/outputs/alignments/pgra_himb/Espanola_1A_S90.sorted.md.rg.bam              0.829184442
/scratch/nmnh_corals/connellym/projects/etp_pocillopora_gskim/outputs/alignments/pgra_himb/Espanola_5A_S94.sorted.md.rg.bam              0.871763505
/scratch/nmnh_corals/connellym/projects/etp_pocillopora_gskim/outputs/alignments/pgra_himb/Clip_15_S201.sorted.md.rg.bam                 0.879269271
/scratch/nmnh_corals/connellym/projects/etp_pocillopora_gskim/outputs/alignments/pgra_himb/Clip_03_S200.sorted.md.rg.bam                 0.897390310
/scratch/nmnh_corals/connellym/projects/etp_pocillopora_gskim/outputs/alignments/pgra_himb/Clip_02_S199.sorted.md.rg.bam                 0.906547882
/scratch/nmnh_corals/connellym/projects/etp_pocillopora_gskim/outputs/alignments/pgra_himb/Clip_19_S202.sorted.md.rg.bam                 0.915758235
/scratch/nmnh_corals/connellym/projects/etp_pocillopora_gskim/outputs/alignments/pgra_himb/Clip_26_S204.sorted.md.rg.bam                 0.930580629
= Sat Sep 14 12:21:32 EDT 2024 job angsd_depth_RQC done
