2025-04-08 09:23:16,073 - phyluce_assembly_match_contigs_to_probes - INFO - ======= Starting phyluce_assembly_match_contigs_to_probes =======
2025-04-08 09:23:16,076 - phyluce_assembly_match_contigs_to_probes - INFO - Version: 1.7.3
2025-04-08 09:23:16,076 - phyluce_assembly_match_contigs_to_probes - INFO - Commit: None
2025-04-08 09:23:16,076 - phyluce_assembly_match_contigs_to_probes - INFO - Argument --contigs: /scratch/nmnh_corals/connellym/projects/etp_pocillopora_gskim/outputs/spades/contigs/representative_5X_plus3b_phyluce_iqtree
2025-04-08 09:23:16,076 - phyluce_assembly_match_contigs_to_probes - INFO - Argument --csv: None
2025-04-08 09:23:16,076 - phyluce_assembly_match_contigs_to_probes - INFO - Argument --dupefile: None
2025-04-08 09:23:16,076 - phyluce_assembly_match_contigs_to_probes - INFO - Argument --keep_duplicates: None
2025-04-08 09:23:16,076 - phyluce_assembly_match_contigs_to_probes - INFO - Argument --log_path: None
2025-04-08 09:23:16,076 - phyluce_assembly_match_contigs_to_probes - INFO - Argument --min_coverage: 80
2025-04-08 09:23:16,076 - phyluce_assembly_match_contigs_to_probes - INFO - Argument --min_identity: 80
2025-04-08 09:23:16,076 - phyluce_assembly_match_contigs_to_probes - INFO - Argument --output: /scratch/nmnh_corals/connellym/projects/etp_pocillopora_gskim/outputs/uce-search-results/representative_5X_plus3b_phyluce_iqtree
2025-04-08 09:23:16,076 - phyluce_assembly_match_contigs_to_probes - INFO - Argument --probes: /scratch/nmnh_corals/connellym/projects/etp_pocillopora_gskim/data/probes/hexa-v2-final-probes.fasta
2025-04-08 09:23:16,076 - phyluce_assembly_match_contigs_to_probes - INFO - Argument --regex: ^(uce-\d+)(?:_p\d+.*)
2025-04-08 09:23:16,076 - phyluce_assembly_match_contigs_to_probes - INFO - Argument --verbosity: INFO
2025-04-08 09:23:16,266 - phyluce_assembly_match_contigs_to_probes - INFO - Creating the UCE-match database
2025-04-08 09:23:16,300 - phyluce_assembly_match_contigs_to_probes - INFO - Processing contig data
2025-04-08 09:23:16,300 - phyluce_assembly_match_contigs_to_probes - INFO - -----------------------------------------------------------------
2025-04-08 09:32:08,956 - phyluce_assembly_match_contigs_to_probes - INFO - BahiaCulebra_14_S32_contigs: 1512 (0.57%) uniques of 266026 contigs, 0 dupe probe matches, 40 UCE loci removed for matching multiple contigs, 122 contigs removed for matching multiple UCE loci
2025-04-08 09:47:41,118 - phyluce_assembly_match_contigs_to_probes - INFO - Clip_02_S199_contigs: 1301 (0.09%) uniques of 1385677 contigs, 0 dupe probe matches, 71 UCE loci removed for matching multiple contigs, 221 contigs removed for matching multiple UCE loci
2025-04-08 10:01:14,223 - phyluce_assembly_match_contigs_to_probes - INFO - Clip_03_S200_contigs: 1214 (0.12%) uniques of 986866 contigs, 0 dupe probe matches, 64 UCE loci removed for matching multiple contigs, 254 contigs removed for matching multiple UCE loci
2025-04-08 10:11:36,687 - phyluce_assembly_match_contigs_to_probes - INFO - Clip_15_S201_contigs: 1190 (0.38%) uniques of 315832 contigs, 0 dupe probe matches, 49 UCE loci removed for matching multiple contigs, 273 contigs removed for matching multiple UCE loci
2025-04-08 10:16:10,087 - phyluce_assembly_match_contigs_to_probes - INFO - Clip_16_S155_contigs: 983 (0.31%) uniques of 318757 contigs, 0 dupe probe matches, 14 UCE loci removed for matching multiple contigs, 11 contigs removed for matching multiple UCE loci
2025-04-08 10:31:12,404 - phyluce_assembly_match_contigs_to_probes - INFO - Clip_19_S202_contigs: 1208 (0.12%) uniques of 983532 contigs, 0 dupe probe matches, 71 UCE loci removed for matching multiple contigs, 260 contigs removed for matching multiple UCE loci
2025-04-08 10:45:01,606 - phyluce_assembly_match_contigs_to_probes - INFO - Clip_26_S204_contigs: 1259 (0.15%) uniques of 835786 contigs, 0 dupe probe matches, 63 UCE loci removed for matching multiple contigs, 245 contigs removed for matching multiple UCE loci
2025-04-08 10:51:39,604 - phyluce_assembly_match_contigs_to_probes - INFO - Coco_611_AP3XF77_S91_contigs: 1313 (0.46%) uniques of 284597 contigs, 0 dupe probe matches, 25 UCE loci removed for matching multiple contigs, 48 contigs removed for matching multiple UCE loci
2025-04-08 11:00:12,633 - phyluce_assembly_match_contigs_to_probes - INFO - Coco_612_AP3XF78_S92_contigs: 1367 (0.46%) uniques of 294773 contigs, 0 dupe probe matches, 31 UCE loci removed for matching multiple contigs, 40 contigs removed for matching multiple UCE loci
2025-04-08 11:07:34,971 - phyluce_assembly_match_contigs_to_probes - INFO - Coco_613_AP3XF79_S93_contigs: 1441 (0.51%) uniques of 281224 contigs, 0 dupe probe matches, 28 UCE loci removed for matching multiple contigs, 66 contigs removed for matching multiple UCE loci
2025-04-08 11:14:43,271 - phyluce_assembly_match_contigs_to_probes - INFO - Coco_614_AP3XF80_S94_contigs: 1387 (0.42%) uniques of 333965 contigs, 0 dupe probe matches, 23 UCE loci removed for matching multiple contigs, 47 contigs removed for matching multiple UCE loci
2025-04-08 11:21:24,319 - phyluce_assembly_match_contigs_to_probes - INFO - Coco_615_AP3XF81_S95_contigs: 1179 (0.38%) uniques of 310788 contigs, 0 dupe probe matches, 21 UCE loci removed for matching multiple contigs, 21 contigs removed for matching multiple UCE loci
2025-04-08 11:27:03,784 - phyluce_assembly_match_contigs_to_probes - INFO - Coco_616_AP3XF82_S96_contigs: 1201 (0.39%) uniques of 306936 contigs, 0 dupe probe matches, 18 UCE loci removed for matching multiple contigs, 24 contigs removed for matching multiple UCE loci
2025-04-08 11:33:20,645 - phyluce_assembly_match_contigs_to_probes - INFO - Coco_618_AP3XF84_S98_contigs: 1326 (0.45%) uniques of 295398 contigs, 0 dupe probe matches, 26 UCE loci removed for matching multiple contigs, 29 contigs removed for matching multiple UCE loci
2025-04-08 11:38:55,789 - phyluce_assembly_match_contigs_to_probes - INFO - Coco_647_AP3XF91_S146_contigs: 1179 (0.35%) uniques of 333529 contigs, 0 dupe probe matches, 22 UCE loci removed for matching multiple contigs, 21 contigs removed for matching multiple UCE loci
2025-04-08 11:46:18,813 - phyluce_assembly_match_contigs_to_probes - INFO - Coco_651_AP3XF95_S109_contigs: 1384 (0.46%) uniques of 297736 contigs, 0 dupe probe matches, 25 UCE loci removed for matching multiple contigs, 32 contigs removed for matching multiple UCE loci
2025-04-08 11:54:16,908 - phyluce_assembly_match_contigs_to_probes - INFO - Coco_653_AP3XF97_S111_contigs: 1384 (0.48%) uniques of 288086 contigs, 0 dupe probe matches, 26 UCE loci removed for matching multiple contigs, 51 contigs removed for matching multiple UCE loci
2025-04-08 12:02:15,684 - phyluce_assembly_match_contigs_to_probes - INFO - Coco_658_AP3XG02_S148_contigs: 1463 (0.77%) uniques of 189197 contigs, 0 dupe probe matches, 41 UCE loci removed for matching multiple contigs, 123 contigs removed for matching multiple UCE loci
2025-04-08 12:11:27,791 - phyluce_assembly_match_contigs_to_probes - INFO - Coco_665_AP3XG09_S170_contigs: 1388 (0.78%) uniques of 178500 contigs, 0 dupe probe matches, 37 UCE loci removed for matching multiple contigs, 156 contigs removed for matching multiple UCE loci
2025-04-08 12:20:15,159 - phyluce_assembly_match_contigs_to_probes - INFO - Darwin_1A_S85_contigs: 1485 (0.52%) uniques of 286735 contigs, 0 dupe probe matches, 40 UCE loci removed for matching multiple contigs, 120 contigs removed for matching multiple UCE loci
2025-04-08 12:31:16,365 - phyluce_assembly_match_contigs_to_probes - INFO - Darwin_2A_S86_contigs: 1415 (0.40%) uniques of 351604 contigs, 0 dupe probe matches, 40 UCE loci removed for matching multiple contigs, 167 contigs removed for matching multiple UCE loci
2025-04-08 12:41:02,178 - phyluce_assembly_match_contigs_to_probes - INFO - Darwin_3A_S87_contigs: 1402 (0.45%) uniques of 310613 contigs, 0 dupe probe matches, 45 UCE loci removed for matching multiple contigs, 180 contigs removed for matching multiple UCE loci
2025-04-08 12:49:22,384 - phyluce_assembly_match_contigs_to_probes - INFO - Espanola_1A_S90_contigs: 1412 (0.75%) uniques of 187867 contigs, 0 dupe probe matches, 42 UCE loci removed for matching multiple contigs, 145 contigs removed for matching multiple UCE loci
2025-04-08 12:59:50,153 - phyluce_assembly_match_contigs_to_probes - INFO - Espanola_4A_S93_contigs: 1476 (0.35%) uniques of 424075 contigs, 0 dupe probe matches, 37 UCE loci removed for matching multiple contigs, 122 contigs removed for matching multiple UCE loci
2025-04-08 13:11:36,364 - phyluce_assembly_match_contigs_to_probes - INFO - Espanola_5A_S94_contigs: 1282 (0.27%) uniques of 469312 contigs, 0 dupe probe matches, 49 UCE loci removed for matching multiple contigs, 243 contigs removed for matching multiple UCE loci
2025-04-08 13:19:58,715 - phyluce_assembly_match_contigs_to_probes - INFO - GolfoDulce_21_S55_contigs: 1454 (0.73%) uniques of 199404 contigs, 0 dupe probe matches, 47 UCE loci removed for matching multiple contigs, 148 contigs removed for matching multiple UCE loci
2025-04-08 13:29:23,834 - phyluce_assembly_match_contigs_to_probes - INFO - Isabela_2E_S101_contigs: 1491 (0.42%) uniques of 355161 contigs, 0 dupe probe matches, 43 UCE loci removed for matching multiple contigs, 123 contigs removed for matching multiple UCE loci
2025-04-08 13:37:39,925 - phyluce_assembly_match_contigs_to_probes - INFO - Perlas_349_AP3XG40_S132_contigs: 1441 (0.76%) uniques of 190687 contigs, 0 dupe probe matches, 41 UCE loci removed for matching multiple contigs, 147 contigs removed for matching multiple UCE loci
2025-04-08 13:46:14,021 - phyluce_assembly_match_contigs_to_probes - INFO - Perlas_374_AP3XG65_S139_contigs: 1256 (1.07%) uniques of 117739 contigs, 0 dupe probe matches, 45 UCE loci removed for matching multiple contigs, 241 contigs removed for matching multiple UCE loci
2025-04-08 13:55:26,413 - phyluce_assembly_match_contigs_to_probes - INFO - Perlas_411_AP3XG78_S152_contigs: 1218 (0.95%) uniques of 127974 contigs, 0 dupe probe matches, 50 UCE loci removed for matching multiple contigs, 261 contigs removed for matching multiple UCE loci
2025-04-08 13:55:50,087 - phyluce_assembly_match_contigs_to_probes - INFO - SRR19052129_contigs: 1480 (7.04%) uniques of 21009 contigs, 0 dupe probe matches, 57 UCE loci removed for matching multiple contigs, 54 contigs removed for matching multiple UCE loci
2025-04-08 13:56:10,589 - phyluce_assembly_match_contigs_to_probes - INFO - SRR19052131_contigs: 1457 (10.00%) uniques of 14577 contigs, 0 dupe probe matches, 43 UCE loci removed for matching multiple contigs, 51 contigs removed for matching multiple UCE loci
2025-04-08 13:57:17,190 - phyluce_assembly_match_contigs_to_probes - INFO - SRR19052132_contigs: 1478 (1.58%) uniques of 93764 contigs, 0 dupe probe matches, 69 UCE loci removed for matching multiple contigs, 57 contigs removed for matching multiple UCE loci
2025-04-08 13:58:12,031 - phyluce_assembly_match_contigs_to_probes - INFO - SRR19052139_contigs: 1371 (1.77%) uniques of 77292 contigs, 0 dupe probe matches, 251 UCE loci removed for matching multiple contigs, 41 contigs removed for matching multiple UCE loci
2025-04-08 13:58:33,607 - phyluce_assembly_match_contigs_to_probes - INFO - SRR19052142_contigs: 1431 (8.24%) uniques of 17366 contigs, 0 dupe probe matches, 64 UCE loci removed for matching multiple contigs, 59 contigs removed for matching multiple UCE loci
2025-04-08 13:58:58,179 - phyluce_assembly_match_contigs_to_probes - INFO - SRR19052143_contigs: 1352 (6.48%) uniques of 20874 contigs, 0 dupe probe matches, 201 UCE loci removed for matching multiple contigs, 55 contigs removed for matching multiple UCE loci
2025-04-08 13:59:24,821 - phyluce_assembly_match_contigs_to_probes - INFO - SRR19052148_contigs: 1284 (5.16%) uniques of 24887 contigs, 0 dupe probe matches, 306 UCE loci removed for matching multiple contigs, 44 contigs removed for matching multiple UCE loci
2025-04-08 13:59:51,520 - phyluce_assembly_match_contigs_to_probes - INFO - SRR19052149_contigs: 1420 (5.12%) uniques of 27726 contigs, 0 dupe probe matches, 159 UCE loci removed for matching multiple contigs, 40 contigs removed for matching multiple UCE loci
2025-04-08 14:00:19,130 - phyluce_assembly_match_contigs_to_probes - INFO - SRR19052150_contigs: 1420 (5.17%) uniques of 27466 contigs, 0 dupe probe matches, 184 UCE loci removed for matching multiple contigs, 35 contigs removed for matching multiple UCE loci
2025-04-08 14:00:56,702 - phyluce_assembly_match_contigs_to_probes - INFO - SRR19052151_contigs: 1272 (3.13%) uniques of 40661 contigs, 0 dupe probe matches, 332 UCE loci removed for matching multiple contigs, 47 contigs removed for matching multiple UCE loci
2025-04-08 14:01:24,161 - phyluce_assembly_match_contigs_to_probes - INFO - SRR19052152_contigs: 1368 (5.08%) uniques of 26940 contigs, 0 dupe probe matches, 208 UCE loci removed for matching multiple contigs, 41 contigs removed for matching multiple UCE loci
2025-04-08 14:01:48,175 - phyluce_assembly_match_contigs_to_probes - INFO - SRR19052157_contigs: 1503 (6.43%) uniques of 23374 contigs, 0 dupe probe matches, 77 UCE loci removed for matching multiple contigs, 47 contigs removed for matching multiple UCE loci
2025-04-08 14:02:13,795 - phyluce_assembly_match_contigs_to_probes - INFO - SRR19052160_contigs: 1467 (5.58%) uniques of 26296 contigs, 0 dupe probe matches, 103 UCE loci removed for matching multiple contigs, 47 contigs removed for matching multiple UCE loci
2025-04-08 14:02:44,851 - phyluce_assembly_match_contigs_to_probes - INFO - SRR19052170_contigs: 1319 (3.92%) uniques of 33667 contigs, 0 dupe probe matches, 284 UCE loci removed for matching multiple contigs, 47 contigs removed for matching multiple UCE loci
2025-04-08 14:04:01,624 - phyluce_assembly_match_contigs_to_probes - INFO - SRR19052171_contigs: 973 (1.19%) uniques of 81745 contigs, 0 dupe probe matches, 678 UCE loci removed for matching multiple contigs, 65 contigs removed for matching multiple UCE loci
2025-04-08 14:04:38,515 - phyluce_assembly_match_contigs_to_probes - INFO - SRR19052177_contigs: 1498 (3.28%) uniques of 45710 contigs, 0 dupe probe matches, 59 UCE loci removed for matching multiple contigs, 38 contigs removed for matching multiple UCE loci
2025-04-08 14:05:58,715 - phyluce_assembly_match_contigs_to_probes - INFO - SRR19052205_contigs: 1061 (1.08%) uniques of 98087 contigs, 0 dupe probe matches, 603 UCE loci removed for matching multiple contigs, 65 contigs removed for matching multiple UCE loci
2025-04-08 14:06:20,605 - phyluce_assembly_match_contigs_to_probes - INFO - SRR19052206_contigs: 1424 (7.90%) uniques of 18024 contigs, 0 dupe probe matches, 128 UCE loci removed for matching multiple contigs, 36 contigs removed for matching multiple UCE loci
2025-04-08 14:06:39,984 - phyluce_assembly_match_contigs_to_probes - INFO - SRR19052210_contigs: 1452 (9.92%) uniques of 14641 contigs, 0 dupe probe matches, 43 UCE loci removed for matching multiple contigs, 62 contigs removed for matching multiple UCE loci
2025-04-08 14:07:04,309 - phyluce_assembly_match_contigs_to_probes - INFO - SRR19052214_contigs: 1489 (6.44%) uniques of 23127 contigs, 0 dupe probe matches, 70 UCE loci removed for matching multiple contigs, 55 contigs removed for matching multiple UCE loci
2025-04-08 14:07:27,622 - phyluce_assembly_match_contigs_to_probes - INFO - SRR19052217_contigs: 1497 (7.13%) uniques of 20991 contigs, 0 dupe probe matches, 52 UCE loci removed for matching multiple contigs, 49 contigs removed for matching multiple UCE loci
2025-04-08 14:07:51,617 - phyluce_assembly_match_contigs_to_probes - INFO - SRR19052219_contigs: 1493 (6.45%) uniques of 23135 contigs, 0 dupe probe matches, 66 UCE loci removed for matching multiple contigs, 54 contigs removed for matching multiple UCE loci
2025-04-08 14:08:13,971 - phyluce_assembly_match_contigs_to_probes - INFO - SRR19052222_contigs: 1440 (6.94%) uniques of 20745 contigs, 0 dupe probe matches, 48 UCE loci removed for matching multiple contigs, 58 contigs removed for matching multiple UCE loci
2025-04-08 14:08:35,951 - phyluce_assembly_match_contigs_to_probes - INFO - SRR19052223_contigs: 1482 (7.04%) uniques of 21043 contigs, 0 dupe probe matches, 41 UCE loci removed for matching multiple contigs, 51 contigs removed for matching multiple UCE loci
2025-04-08 14:09:03,578 - phyluce_assembly_match_contigs_to_probes - INFO - SRR19052226_contigs: 1414 (4.70%) uniques of 30090 contigs, 0 dupe probe matches, 145 UCE loci removed for matching multiple contigs, 44 contigs removed for matching multiple UCE loci
2025-04-08 14:09:22,885 - phyluce_assembly_match_contigs_to_probes - INFO - SRR19052231_contigs: 1455 (8.33%) uniques of 17477 contigs, 0 dupe probe matches, 102 UCE loci removed for matching multiple contigs, 25 contigs removed for matching multiple UCE loci
2025-04-08 14:13:31,247 - phyluce_assembly_match_contigs_to_probes - INFO - SRR19052232_contigs: 645 (0.35%) uniques of 184054 contigs, 0 dupe probe matches, 1095 UCE loci removed for matching multiple contigs, 59 contigs removed for matching multiple UCE loci
2025-04-08 14:13:51,920 - phyluce_assembly_match_contigs_to_probes - INFO - SRR19052233_contigs: 1499 (8.17%) uniques of 18356 contigs, 0 dupe probe matches, 90 UCE loci removed for matching multiple contigs, 25 contigs removed for matching multiple UCE loci
2025-04-08 14:14:15,671 - phyluce_assembly_match_contigs_to_probes - INFO - SRR19052238_contigs: 1452 (6.83%) uniques of 21259 contigs, 0 dupe probe matches, 147 UCE loci removed for matching multiple contigs, 38 contigs removed for matching multiple UCE loci
2025-04-08 14:14:33,716 - phyluce_assembly_match_contigs_to_probes - INFO - SRR19052240_contigs: 1481 (9.88%) uniques of 14996 contigs, 0 dupe probe matches, 62 UCE loci removed for matching multiple contigs, 37 contigs removed for matching multiple UCE loci
2025-04-08 14:14:52,783 - phyluce_assembly_match_contigs_to_probes - INFO - SRR19052246_contigs: 1488 (9.53%) uniques of 15621 contigs, 0 dupe probe matches, 90 UCE loci removed for matching multiple contigs, 29 contigs removed for matching multiple UCE loci
2025-04-08 14:15:16,989 - phyluce_assembly_match_contigs_to_probes - INFO - SRR19052248_contigs: 1435 (5.58%) uniques of 25724 contigs, 0 dupe probe matches, 66 UCE loci removed for matching multiple contigs, 49 contigs removed for matching multiple UCE loci
2025-04-08 14:15:35,403 - phyluce_assembly_match_contigs_to_probes - INFO - SRR19052249_contigs: 1483 (11.12%) uniques of 13339 contigs, 0 dupe probe matches, 61 UCE loci removed for matching multiple contigs, 44 contigs removed for matching multiple UCE loci
2025-04-08 14:15:55,541 - phyluce_assembly_match_contigs_to_probes - INFO - SRR19052253_contigs: 1490 (8.64%) uniques of 17255 contigs, 0 dupe probe matches, 74 UCE loci removed for matching multiple contigs, 44 contigs removed for matching multiple UCE loci
2025-04-08 14:16:19,313 - phyluce_assembly_match_contigs_to_probes - INFO - SRR19052258_contigs: 1494 (6.65%) uniques of 22463 contigs, 0 dupe probe matches, 48 UCE loci removed for matching multiple contigs, 53 contigs removed for matching multiple UCE loci
2025-04-08 14:16:44,954 - phyluce_assembly_match_contigs_to_probes - INFO - SRR19052261_contigs: 1465 (5.87%) uniques of 24965 contigs, 0 dupe probe matches, 66 UCE loci removed for matching multiple contigs, 55 contigs removed for matching multiple UCE loci
2025-04-08 14:17:07,288 - phyluce_assembly_match_contigs_to_probes - INFO - SRR19052263_contigs: 1453 (7.55%) uniques of 19235 contigs, 0 dupe probe matches, 48 UCE loci removed for matching multiple contigs, 58 contigs removed for matching multiple UCE loci
2025-04-08 14:17:30,155 - phyluce_assembly_match_contigs_to_probes - INFO - SRR19052264_contigs: 1458 (7.73%) uniques of 18852 contigs, 0 dupe probe matches, 60 UCE loci removed for matching multiple contigs, 64 contigs removed for matching multiple UCE loci
2025-04-08 14:18:08,506 - phyluce_assembly_match_contigs_to_probes - INFO - SRR19052266_contigs: 1419 (3.19%) uniques of 44544 contigs, 0 dupe probe matches, 203 UCE loci removed for matching multiple contigs, 34 contigs removed for matching multiple UCE loci
2025-04-08 14:18:37,624 - phyluce_assembly_match_contigs_to_probes - INFO - SRR19052290_contigs: 1425 (4.47%) uniques of 31862 contigs, 0 dupe probe matches, 153 UCE loci removed for matching multiple contigs, 41 contigs removed for matching multiple UCE loci
2025-04-08 14:19:09,132 - phyluce_assembly_match_contigs_to_probes - INFO - SRR19052291_contigs: 1408 (3.95%) uniques of 35662 contigs, 0 dupe probe matches, 189 UCE loci removed for matching multiple contigs, 38 contigs removed for matching multiple UCE loci
2025-04-08 14:19:37,076 - phyluce_assembly_match_contigs_to_probes - INFO - SRR19052292_contigs: 1455 (4.98%) uniques of 29198 contigs, 0 dupe probe matches, 56 UCE loci removed for matching multiple contigs, 58 contigs removed for matching multiple UCE loci
2025-04-08 14:20:02,882 - phyluce_assembly_match_contigs_to_probes - INFO - SRR19052294_contigs: 1448 (5.59%) uniques of 25894 contigs, 0 dupe probe matches, 49 UCE loci removed for matching multiple contigs, 66 contigs removed for matching multiple UCE loci
2025-04-08 14:20:31,467 - phyluce_assembly_match_contigs_to_probes - INFO - SRR19052297_contigs: 1460 (4.68%) uniques of 31175 contigs, 0 dupe probe matches, 64 UCE loci removed for matching multiple contigs, 57 contigs removed for matching multiple UCE loci
2025-04-08 14:20:54,222 - phyluce_assembly_match_contigs_to_probes - INFO - SRR19052301_contigs: 1486 (7.80%) uniques of 19063 contigs, 0 dupe probe matches, 74 UCE loci removed for matching multiple contigs, 60 contigs removed for matching multiple UCE loci
2025-04-08 14:21:18,442 - phyluce_assembly_match_contigs_to_probes - INFO - SRR19052305_contigs: 1350 (5.19%) uniques of 25988 contigs, 0 dupe probe matches, 212 UCE loci removed for matching multiple contigs, 30 contigs removed for matching multiple UCE loci
2025-04-08 14:21:43,321 - phyluce_assembly_match_contigs_to_probes - INFO - SRR19052306_contigs: 1361 (5.11%) uniques of 26627 contigs, 0 dupe probe matches, 193 UCE loci removed for matching multiple contigs, 27 contigs removed for matching multiple UCE loci
2025-04-08 14:22:17,259 - phyluce_assembly_match_contigs_to_probes - INFO - SRR19052307_contigs: 1365 (2.51%) uniques of 54379 contigs, 0 dupe probe matches, 120 UCE loci removed for matching multiple contigs, 33 contigs removed for matching multiple UCE loci
2025-04-08 14:22:55,233 - phyluce_assembly_match_contigs_to_probes - INFO - SRR19052309_contigs: 1372 (2.26%) uniques of 60671 contigs, 0 dupe probe matches, 134 UCE loci removed for matching multiple contigs, 32 contigs removed for matching multiple UCE loci
2025-04-08 14:23:19,485 - phyluce_assembly_match_contigs_to_probes - INFO - SRR19052311_contigs: 1478 (6.21%) uniques of 23807 contigs, 0 dupe probe matches, 72 UCE loci removed for matching multiple contigs, 46 contigs removed for matching multiple UCE loci
2025-04-08 14:23:42,282 - phyluce_assembly_match_contigs_to_probes - INFO - SRR19052318_contigs: 1495 (7.56%) uniques of 19772 contigs, 0 dupe probe matches, 61 UCE loci removed for matching multiple contigs, 62 contigs removed for matching multiple UCE loci
2025-04-08 14:24:05,209 - phyluce_assembly_match_contigs_to_probes - INFO - SRR19052326_contigs: 1412 (7.14%) uniques of 19778 contigs, 0 dupe probe matches, 140 UCE loci removed for matching multiple contigs, 35 contigs removed for matching multiple UCE loci
2025-04-08 14:24:28,251 - phyluce_assembly_match_contigs_to_probes - INFO - SRR19052332_contigs: 1508 (6.76%) uniques of 22298 contigs, 0 dupe probe matches, 65 UCE loci removed for matching multiple contigs, 42 contigs removed for matching multiple UCE loci
2025-04-08 14:24:46,428 - phyluce_assembly_match_contigs_to_probes - INFO - SRR19052339_contigs: 1505 (10.27%) uniques of 14654 contigs, 0 dupe probe matches, 39 UCE loci removed for matching multiple contigs, 37 contigs removed for matching multiple UCE loci
2025-04-08 14:25:01,467 - phyluce_assembly_match_contigs_to_probes - INFO - SRR19052341_contigs: 1409 (17.39%) uniques of 8101 contigs, 0 dupe probe matches, 89 UCE loci removed for matching multiple contigs, 23 contigs removed for matching multiple UCE loci
2025-04-08 14:25:24,600 - phyluce_assembly_match_contigs_to_probes - INFO - SRR19052344_contigs: 1453 (4.44%) uniques of 32754 contigs, 0 dupe probe matches, 96 UCE loci removed for matching multiple contigs, 25 contigs removed for matching multiple UCE loci
2025-04-08 14:25:50,198 - phyluce_assembly_match_contigs_to_probes - INFO - SRR19052346_contigs: 1367 (4.14%) uniques of 33040 contigs, 0 dupe probe matches, 167 UCE loci removed for matching multiple contigs, 25 contigs removed for matching multiple UCE loci
2025-04-08 14:26:11,970 - phyluce_assembly_match_contigs_to_probes - INFO - SRR19052347_contigs: 1404 (5.43%) uniques of 25876 contigs, 0 dupe probe matches, 131 UCE loci removed for matching multiple contigs, 22 contigs removed for matching multiple UCE loci
2025-04-08 14:26:31,830 - phyluce_assembly_match_contigs_to_probes - INFO - SRR19052349_contigs: 1420 (6.66%) uniques of 21316 contigs, 0 dupe probe matches, 92 UCE loci removed for matching multiple contigs, 20 contigs removed for matching multiple UCE loci
2025-04-08 14:26:59,040 - phyluce_assembly_match_contigs_to_probes - INFO - SRR19052350_contigs: 1363 (3.95%) uniques of 34500 contigs, 0 dupe probe matches, 167 UCE loci removed for matching multiple contigs, 38 contigs removed for matching multiple UCE loci
2025-04-08 14:27:14,345 - phyluce_assembly_match_contigs_to_probes - INFO - SRR19052360_contigs: 1402 (15.07%) uniques of 9303 contigs, 0 dupe probe matches, 93 UCE loci removed for matching multiple contigs, 32 contigs removed for matching multiple UCE loci
2025-04-08 14:27:36,859 - phyluce_assembly_match_contigs_to_probes - INFO - SRR19052362_contigs: 1392 (7.42%) uniques of 18765 contigs, 0 dupe probe matches, 202 UCE loci removed for matching multiple contigs, 29 contigs removed for matching multiple UCE loci
2025-04-08 14:27:58,074 - phyluce_assembly_match_contigs_to_probes - INFO - SRR19052364_contigs: 1518 (8.32%) uniques of 18251 contigs, 0 dupe probe matches, 51 UCE loci removed for matching multiple contigs, 36 contigs removed for matching multiple UCE loci
2025-04-08 14:28:18,620 - phyluce_assembly_match_contigs_to_probes - INFO - SRR19052370_contigs: 1364 (8.72%) uniques of 15643 contigs, 0 dupe probe matches, 59 UCE loci removed for matching multiple contigs, 92 contigs removed for matching multiple UCE loci
2025-04-08 14:28:39,990 - phyluce_assembly_match_contigs_to_probes - INFO - SRR19052373_contigs: 1498 (8.57%) uniques of 17477 contigs, 0 dupe probe matches, 61 UCE loci removed for matching multiple contigs, 51 contigs removed for matching multiple UCE loci
2025-04-08 14:29:01,999 - phyluce_assembly_match_contigs_to_probes - INFO - SRR19052374_contigs: 1496 (7.51%) uniques of 19932 contigs, 0 dupe probe matches, 44 UCE loci removed for matching multiple contigs, 38 contigs removed for matching multiple UCE loci
2025-04-08 14:29:26,069 - phyluce_assembly_match_contigs_to_probes - INFO - SRR19052375_contigs: 1505 (6.86%) uniques of 21936 contigs, 0 dupe probe matches, 57 UCE loci removed for matching multiple contigs, 49 contigs removed for matching multiple UCE loci
2025-04-08 14:29:49,455 - phyluce_assembly_match_contigs_to_probes - INFO - SRR19052386_contigs: 1447 (6.99%) uniques of 20711 contigs, 0 dupe probe matches, 133 UCE loci removed for matching multiple contigs, 42 contigs removed for matching multiple UCE loci
2025-04-08 14:30:02,748 - phyluce_assembly_match_contigs_to_probes - INFO - SRR19052388_contigs: 1407 (26.09%) uniques of 5392 contigs, 0 dupe probe matches, 36 UCE loci removed for matching multiple contigs, 30 contigs removed for matching multiple UCE loci
2025-04-08 14:30:26,832 - phyluce_assembly_match_contigs_to_probes - INFO - SRR19052390_contigs: 1492 (7.09%) uniques of 21053 contigs, 0 dupe probe matches, 79 UCE loci removed for matching multiple contigs, 50 contigs removed for matching multiple UCE loci
2025-04-08 14:30:48,045 - phyluce_assembly_match_contigs_to_probes - INFO - SRR19052399_contigs: 1456 (8.89%) uniques of 16370 contigs, 0 dupe probe matches, 53 UCE loci removed for matching multiple contigs, 58 contigs removed for matching multiple UCE loci
2025-04-08 14:31:09,624 - phyluce_assembly_match_contigs_to_probes - INFO - SRR19052400_contigs: 1482 (8.62%) uniques of 17186 contigs, 0 dupe probe matches, 37 UCE loci removed for matching multiple contigs, 56 contigs removed for matching multiple UCE loci
2025-04-08 14:31:48,167 - phyluce_assembly_match_contigs_to_probes - INFO - SRR19052401_contigs: 1381 (3.06%) uniques of 45202 contigs, 0 dupe probe matches, 200 UCE loci removed for matching multiple contigs, 45 contigs removed for matching multiple UCE loci
2025-04-08 14:32:20,993 - phyluce_assembly_match_contigs_to_probes - INFO - SRR19052409_contigs: 1382 (4.01%) uniques of 34444 contigs, 0 dupe probe matches, 210 UCE loci removed for matching multiple contigs, 39 contigs removed for matching multiple UCE loci
2025-04-08 14:32:42,918 - phyluce_assembly_match_contigs_to_probes - INFO - SRR19052410_contigs: 1467 (7.57%) uniques of 19371 contigs, 0 dupe probe matches, 41 UCE loci removed for matching multiple contigs, 47 contigs removed for matching multiple UCE loci
2025-04-08 14:33:40,927 - phyluce_assembly_match_contigs_to_probes - INFO - SRR19052413_contigs: 1471 (5.35%) uniques of 27510 contigs, 0 dupe probe matches, 97 UCE loci removed for matching multiple contigs, 50 contigs removed for matching multiple UCE loci
2025-04-08 14:34:05,000 - phyluce_assembly_match_contigs_to_probes - INFO - SRR19052419_contigs: 1458 (6.50%) uniques of 22433 contigs, 0 dupe probe matches, 44 UCE loci removed for matching multiple contigs, 51 contigs removed for matching multiple UCE loci
2025-04-08 14:34:53,678 - phyluce_assembly_match_contigs_to_probes - INFO - SRR19052423_contigs: 1328 (1.43%) uniques of 92842 contigs, 0 dupe probe matches, 296 UCE loci removed for matching multiple contigs, 29 contigs removed for matching multiple UCE loci
2025-04-08 14:35:13,587 - phyluce_assembly_match_contigs_to_probes - INFO - SRR19052424_contigs: 1511 (8.94%) uniques of 16902 contigs, 0 dupe probe matches, 38 UCE loci removed for matching multiple contigs, 41 contigs removed for matching multiple UCE loci
2025-04-08 14:35:34,115 - phyluce_assembly_match_contigs_to_probes - INFO - SRR19052427_contigs: 1485 (8.90%) uniques of 16691 contigs, 0 dupe probe matches, 44 UCE loci removed for matching multiple contigs, 63 contigs removed for matching multiple UCE loci
2025-04-08 14:35:59,161 - phyluce_assembly_match_contigs_to_probes - INFO - SRR19052429_contigs: 1457 (4.80%) uniques of 30351 contigs, 0 dupe probe matches, 114 UCE loci removed for matching multiple contigs, 33 contigs removed for matching multiple UCE loci
2025-04-08 14:36:20,817 - phyluce_assembly_match_contigs_to_probes - INFO - SRR19052438_contigs: 1456 (8.21%) uniques of 17741 contigs, 0 dupe probe matches, 51 UCE loci removed for matching multiple contigs, 61 contigs removed for matching multiple UCE loci
2025-04-08 14:36:47,181 - phyluce_assembly_match_contigs_to_probes - INFO - SRR19052439_contigs: 1451 (5.35%) uniques of 27116 contigs, 0 dupe probe matches, 52 UCE loci removed for matching multiple contigs, 58 contigs removed for matching multiple UCE loci
2025-04-08 14:37:13,007 - phyluce_assembly_match_contigs_to_probes - INFO - SRR19052441_contigs: 1468 (5.44%) uniques of 27008 contigs, 0 dupe probe matches, 55 UCE loci removed for matching multiple contigs, 38 contigs removed for matching multiple UCE loci
2025-04-08 14:37:37,513 - phyluce_assembly_match_contigs_to_probes - INFO - SRR19052442_contigs: 1457 (5.81%) uniques of 25094 contigs, 0 dupe probe matches, 49 UCE loci removed for matching multiple contigs, 51 contigs removed for matching multiple UCE loci
2025-04-08 14:37:59,512 - phyluce_assembly_match_contigs_to_probes - INFO - SRR19052448_contigs: 1518 (8.39%) uniques of 18102 contigs, 0 dupe probe matches, 49 UCE loci removed for matching multiple contigs, 40 contigs removed for matching multiple UCE loci
2025-04-08 14:38:23,513 - phyluce_assembly_match_contigs_to_probes - INFO - SRR19052451_contigs: 1492 (6.52%) uniques of 22893 contigs, 0 dupe probe matches, 48 UCE loci removed for matching multiple contigs, 45 contigs removed for matching multiple UCE loci
2025-04-08 14:38:50,444 - phyluce_assembly_match_contigs_to_probes - INFO - SRR19052455_contigs: 1500 (5.38%) uniques of 27899 contigs, 0 dupe probe matches, 64 UCE loci removed for matching multiple contigs, 35 contigs removed for matching multiple UCE loci
2025-04-08 14:39:12,383 - phyluce_assembly_match_contigs_to_probes - INFO - SRR19052468_contigs: 1346 (7.70%) uniques of 17470 contigs, 0 dupe probe matches, 69 UCE loci removed for matching multiple contigs, 108 contigs removed for matching multiple UCE loci
2025-04-08 14:39:46,650 - phyluce_assembly_match_contigs_to_probes - INFO - SRR19052469_contigs: 1407 (3.47%) uniques of 40603 contigs, 0 dupe probe matches, 167 UCE loci removed for matching multiple contigs, 39 contigs removed for matching multiple UCE loci
2025-04-08 14:40:12,678 - phyluce_assembly_match_contigs_to_probes - INFO - SRR19052472_contigs: 1494 (5.66%) uniques of 26411 contigs, 0 dupe probe matches, 49 UCE loci removed for matching multiple contigs, 44 contigs removed for matching multiple UCE loci
2025-04-08 14:40:43,180 - phyluce_assembly_match_contigs_to_probes - INFO - SRR19052476_contigs: 1393 (4.22%) uniques of 33043 contigs, 0 dupe probe matches, 203 UCE loci removed for matching multiple contigs, 36 contigs removed for matching multiple UCE loci
2025-04-08 14:41:08,142 - phyluce_assembly_match_contigs_to_probes - INFO - SRR19052478_contigs: 1437 (6.26%) uniques of 22965 contigs, 0 dupe probe matches, 143 UCE loci removed for matching multiple contigs, 33 contigs removed for matching multiple UCE loci
2025-04-08 14:41:34,534 - phyluce_assembly_match_contigs_to_probes - INFO - SRR19052484_contigs: 1469 (5.41%) uniques of 27150 contigs, 0 dupe probe matches, 67 UCE loci removed for matching multiple contigs, 45 contigs removed for matching multiple UCE loci
2025-04-08 14:41:57,389 - phyluce_assembly_match_contigs_to_probes - INFO - SRR19052486_contigs: 1477 (6.77%) uniques of 21828 contigs, 0 dupe probe matches, 46 UCE loci removed for matching multiple contigs, 52 contigs removed for matching multiple UCE loci
2025-04-08 14:42:28,883 - phyluce_assembly_match_contigs_to_probes - INFO - SRR19052487_contigs: 1435 (4.58%) uniques of 31355 contigs, 0 dupe probe matches, 175 UCE loci removed for matching multiple contigs, 36 contigs removed for matching multiple UCE loci
2025-04-08 14:42:53,781 - phyluce_assembly_match_contigs_to_probes - INFO - SRR19052488_contigs: 1441 (5.84%) uniques of 24682 contigs, 0 dupe probe matches, 58 UCE loci removed for matching multiple contigs, 53 contigs removed for matching multiple UCE loci
2025-04-08 14:43:18,221 - phyluce_assembly_match_contigs_to_probes - INFO - SRR19052489_contigs: 1504 (6.01%) uniques of 25034 contigs, 0 dupe probe matches, 58 UCE loci removed for matching multiple contigs, 36 contigs removed for matching multiple UCE loci
2025-04-08 14:43:42,382 - phyluce_assembly_match_contigs_to_probes - INFO - SRR19052490_contigs: 1472 (6.41%) uniques of 22952 contigs, 0 dupe probe matches, 44 UCE loci removed for matching multiple contigs, 48 contigs removed for matching multiple UCE loci
2025-04-08 14:44:23,306 - phyluce_assembly_match_contigs_to_probes - INFO - SRR19052493_contigs: 1437 (2.52%) uniques of 57047 contigs, 0 dupe probe matches, 112 UCE loci removed for matching multiple contigs, 31 contigs removed for matching multiple UCE loci
2025-04-08 14:45:02,013 - phyluce_assembly_match_contigs_to_probes - INFO - SRR19052496_contigs: 1446 (2.78%) uniques of 51961 contigs, 0 dupe probe matches, 131 UCE loci removed for matching multiple contigs, 35 contigs removed for matching multiple UCE loci
2025-04-08 14:45:25,133 - phyluce_assembly_match_contigs_to_probes - INFO - SRR19052499_contigs: 1482 (6.91%) uniques of 21434 contigs, 0 dupe probe matches, 59 UCE loci removed for matching multiple contigs, 46 contigs removed for matching multiple UCE loci
2025-04-08 14:45:53,510 - phyluce_assembly_match_contigs_to_probes - INFO - SRR19052500_contigs: 1437 (4.67%) uniques of 30766 contigs, 0 dupe probe matches, 137 UCE loci removed for matching multiple contigs, 28 contigs removed for matching multiple UCE loci
2025-04-08 14:57:48,572 - phyluce_assembly_match_contigs_to_probes - INFO - SantaCruz_1A_S105_contigs: 1361 (0.20%) uniques of 691692 contigs, 0 dupe probe matches, 54 UCE loci removed for matching multiple contigs, 195 contigs removed for matching multiple UCE loci
2025-04-08 15:00:55,837 - phyluce_assembly_match_contigs_to_probes - INFO - Stylophora_pistillata_ANT17_contigs: 788 (0.42%) uniques of 188849 contigs, 0 dupe probe matches, 14 UCE loci removed for matching multiple contigs, 20 contigs removed for matching multiple UCE loci
2025-04-08 15:00:59,232 - phyluce_assembly_match_contigs_to_probes - INFO - pocillopora_acuta_SAMN22898959: 258 (94.85%) uniques of 272 contigs, 0 dupe probe matches, 5 UCE loci removed for matching multiple contigs, 13 contigs removed for matching multiple UCE loci
2025-04-08 15:01:02,597 - phyluce_assembly_match_contigs_to_probes - INFO - pocillopora_damicornis_GCF_003704095: 254 (94.42%) uniques of 269 contigs, 0 dupe probe matches, 5 UCE loci removed for matching multiple contigs, 14 contigs removed for matching multiple UCE loci
2025-04-08 15:01:06,369 - phyluce_assembly_match_contigs_to_probes - INFO - pocillopora_effusa_GCA_942486045: 258 (94.51%) uniques of 273 contigs, 0 dupe probe matches, 5 UCE loci removed for matching multiple contigs, 14 contigs removed for matching multiple UCE loci
2025-04-08 15:01:09,622 - phyluce_assembly_match_contigs_to_probes - INFO - pocillopora_grandis_GCA_964027065: 263 (94.95%) uniques of 277 contigs, 0 dupe probe matches, 5 UCE loci removed for matching multiple contigs, 13 contigs removed for matching multiple UCE loci
2025-04-08 15:01:12,957 - phyluce_assembly_match_contigs_to_probes - INFO - pocillopora_meandrina_SAMN21845732: 254 (94.42%) uniques of 269 contigs, 0 dupe probe matches, 5 UCE loci removed for matching multiple contigs, 13 contigs removed for matching multiple UCE loci
2025-04-08 15:01:16,514 - phyluce_assembly_match_contigs_to_probes - INFO - pocillopora_verrucosa_GCA_014529365: 248 (94.30%) uniques of 263 contigs, 0 dupe probe matches, 5 UCE loci removed for matching multiple contigs, 14 contigs removed for matching multiple UCE loci
2025-04-08 15:01:19,714 - phyluce_assembly_match_contigs_to_probes - INFO - pocillopora_verrucosa_GCA_036669915: 244 (94.21%) uniques of 259 contigs, 0 dupe probe matches, 5 UCE loci removed for matching multiple contigs, 14 contigs removed for matching multiple UCE loci
2025-04-08 15:01:22,903 - phyluce_assembly_match_contigs_to_probes - INFO - pocillopora_verrucosa_GCF_030620025: 252 (94.38%) uniques of 267 contigs, 0 dupe probe matches, 5 UCE loci removed for matching multiple contigs, 14 contigs removed for matching multiple UCE loci
2025-04-08 15:01:22,904 - phyluce_assembly_match_contigs_to_probes - INFO - -----------------------------------------------------------------
2025-04-08 15:01:22,904 - phyluce_assembly_match_contigs_to_probes - INFO - The LASTZ alignments are in /scratch/nmnh_corals/connellym/projects/etp_pocillopora_gskim/outputs/uce-search-results/representative_5X_plus3b_phyluce_iqtree
2025-04-08 15:01:22,904 - phyluce_assembly_match_contigs_to_probes - INFO - The UCE match database is in /scratch/nmnh_corals/connellym/projects/etp_pocillopora_gskim/outputs/uce-search-results/representative_5X_plus3b_phyluce_iqtree/probe.matches.sqlite
2025-04-08 15:01:22,904 - phyluce_assembly_match_contigs_to_probes - INFO - ======= Completed phyluce_assembly_match_contigs_to_probes ======
