2025-04-08 15:01:23,352 - phyluce_assembly_get_match_counts - INFO - =========== Starting phyluce_assembly_get_match_counts ==========
2025-04-08 15:01:23,352 - phyluce_assembly_get_match_counts - INFO - Version: 1.7.3
2025-04-08 15:01:23,352 - phyluce_assembly_get_match_counts - INFO - Commit: None
2025-04-08 15:01:23,352 - phyluce_assembly_get_match_counts - INFO - Argument --extend_locus_db: None
2025-04-08 15:01:23,352 - phyluce_assembly_get_match_counts - INFO - Argument --incomplete_matrix: True
2025-04-08 15:01:23,352 - phyluce_assembly_get_match_counts - INFO - Argument --keep_counts: False
2025-04-08 15:01:23,352 - phyluce_assembly_get_match_counts - INFO - Argument --locus_db: /scratch/nmnh_corals/connellym/projects/etp_pocillopora_gskim/outputs/uce-search-results/representative_5X_plus3b_phyluce_iqtree/probe.matches.sqlite
2025-04-08 15:01:23,352 - phyluce_assembly_get_match_counts - INFO - Argument --log_path: None
2025-04-08 15:01:23,352 - phyluce_assembly_get_match_counts - INFO - Argument --optimize: False
2025-04-08 15:01:23,353 - phyluce_assembly_get_match_counts - INFO - Argument --output: /scratch/nmnh_corals/connellym/projects/etp_pocillopora_gskim/outputs/uce-taxon-sets/representative_5X_plus3b_phyluce_iqtree/representative_5X_plus3b_phyluce_iqtree-taxa-incomplete.conf
2025-04-08 15:01:23,353 - phyluce_assembly_get_match_counts - INFO - Argument --random: False
2025-04-08 15:01:23,353 - phyluce_assembly_get_match_counts - INFO - Argument --sample_size: 10
2025-04-08 15:01:23,353 - phyluce_assembly_get_match_counts - INFO - Argument --samples: 10
2025-04-08 15:01:23,353 - phyluce_assembly_get_match_counts - INFO - Argument --silent: False
2025-04-08 15:01:23,353 - phyluce_assembly_get_match_counts - INFO - Argument --taxon_group: all
2025-04-08 15:01:23,353 - phyluce_assembly_get_match_counts - INFO - Argument --taxon_list_config: /scratch/nmnh_corals/connellym/projects/etp_pocillopora_gskim/outputs/uce-search-results/representative_5X_plus3b_phyluce_iqtree/representative_5X_plus3b_phyluce_iqtree.conf
2025-04-08 15:01:23,353 - phyluce_assembly_get_match_counts - INFO - Argument --verbosity: INFO
2025-04-08 15:01:23,354 - phyluce_assembly_get_match_counts - INFO - There are 143 taxa in the taxon-group '[all]' in the config file representative_5X_plus3b_phyluce_iqtree.conf
2025-04-08 15:01:23,355 - phyluce_assembly_get_match_counts - INFO - Getting UCE names from database
2025-04-08 15:01:23,356 - phyluce_assembly_get_match_counts - INFO - There are 2476 total UCE loci in the database
2025-04-08 15:01:24,405 - phyluce_assembly_get_match_counts - INFO - Getting UCE matches by organism to generate a INCOMPLETE matrix
2025-04-08 15:01:24,417 - phyluce_assembly_get_match_counts - INFO - There are 2148 UCE loci in an INCOMPLETE matrix
2025-04-08 15:01:24,419 - phyluce_assembly_get_match_counts - INFO - Writing the taxa and loci in the data matrix to /scratch/nmnh_corals/connellym/projects/etp_pocillopora_gskim/outputs/uce-taxon-sets/representative_5X_plus3b_phyluce_iqtree/representative_5X_plus3b_phyluce_iqtree-taxa-incomplete.conf
2025-04-08 15:01:24,420 - phyluce_assembly_get_match_counts - INFO - ========== Completed phyluce_assembly_get_match_counts ==========
